******************************************************************************
              TMS320C55x Linker PC v4.4.1                      
******************************************************************************
>> Linked Thu Mar 15 09:34:50 2018

OUTPUT FILE NAME:   <FilterBank.out>
ENTRY POINT SYMBOL: "_c_int00"  address: 00027735


MEMORY CONFIGURATION

         name            origin    length      used     unused   attr    fill
                        (bytes)   (bytes)    (bytes)   (bytes)
----------------------  --------  ---------  --------  --------  ----  --------
PAGE 0:
  MMR                   00000000   000000c0  00000000  000000c0  RWIX
  DARAM0                000000c0   0000ff40  0000684c  000096f4  RWIX
  SARAM0                00010000   00010000  00000000  00010000  RWIX
  SARAM1                00020000   00020000  00007857  000187a9  RWIX
  SARAM2                00040000   0000fe00  000003a8  0000fa58  RWIX
  VECS                  0004fe00   00000200  00000200  00000000  RWIX
  PDROM                 00ff8000   00008000  00000000  00008000  R IX

PAGE 2:
  IOPORT                00000000   00020000  00000000  00020000  RWI 


SECTION ALLOCATION MAP
(Addresses surrounded by []'s are displayed for convenience only!)

output                                                          attributes/
section   page  orgn(bytes) orgn(words) len(bytes) len(words)   input sections
--------  ----  ----------- ----------- ---------- ----------   --------------
.pinit       0   [ 00040000 ]  00020000          *   00000000   UNINITIALIZED

.stack       0   [ 000000c0 ]  00000060          *   00001000   UNINITIALIZED
                 [ 000000c0 ]  00000060          *   00001000   --HOLE--

.data        0   [ 000000c0 ]  00000060          *   00000000   UNINITIALIZED

.sysstack 
*            0   [ 000020c0 ]  00001060          *   00000800   UNINITIALIZED
                 [ 000020c0 ]  00001060          *   00000800   --HOLE--

.sysmem      0   [ 000030c0 ]  00001860          *   00001000   UNINITIALIZED
                 [ 000030c0 ]  00001860          *   00001000   --HOLE--

.bss.1       0   [ 000050c0 ]  00002860          *   00000937   UNINITIALIZED
                 [ 000050c0 ]  00002860          *   00000408   ezdsp5535_aic3204_dma.obj (.bss)
                 [ 000058d0 ]  00002c68          *   00000200   main.obj (.bss)
                 [ 00005cd0 ]  00002e68          *   00000119   rts55x.lib : defs.obj (.bss)
                 [ 00005f02 ]  00002f81          *   000000d0              : trgdrv.obj (.bss)
                 [ 000060a2 ]  00003051          *   00000001              : fopen.obj (.bss)
                 [ 000060a4 ]  00003052          *   00000084   cslVC5505.lib : csl_intc.obj (.bss)
                 [ 000061ac ]  000030d6          *   00000071   rts55x.lib : lowlev.obj (.bss)
                 [ 0000628e ]  00003147          *   0000002a   cslVC5505.lib : csl_i2s.obj (.bss)
                 [ 000062e2 ]  00003171          *   00000026   filter_coeff.obj (.bss)

.bss.2       0   [ 00006330 ]  00003198          *   0000002c   UNINITIALIZED
                 [ 00006330 ]  00003198          *   00000012   cslVC5505.lib : csl_i2c.obj (.bss)
                 [ 00006354 ]  000031aa          *   00000008   ezdsp5535bsl.lib : ezdsp5535_sar.obj (.bss)
                 [ 00006364 ]  000031b2          *   00000006   rts55x.lib : memory.obj (.bss)
                 [ 00006370 ]  000031b8          *   00000004              : _lock.obj (.bss)
                 [ 00006378 ]  000031bc          *   00000004              : exit.obj (.bss)
                 [ 00006380 ]  000031c0          *   00000002   aic3204.obj (.bss)
                 [ 00006384 ]  000031c2          *   00000002   ezdsp5535bsl.lib : ezdsp5535_i2s.obj (.bss)

.const.1     0   [ 00006388 ]  000031c4          *   00000275   
                 [ 00006388 ]  000031c4          *   00000174   aic3204_init.obj (.const:.string)
                 [ 00006670 ]  00003338          *   00000101   rts55x.lib : ctype.obj (.const:__ctypes_)

.const.2     0   [ 00006874 ]  0000343a          *   0000004e   
                 [ 00006874 ]  0000343a          *   00000024   rts55x.lib : _printfi.obj (.const:.string)
                 [ 000068bc ]  0000345e          *   00000012   main.obj (.const:.string)
                 [ 000068e0 ]  00003470          *   0000000c   rts55x.lib : _printfi.obj (.const)
                 [ 000068f8 ]  0000347c          *   00000008              : divd.obj (.const:_initial_approx$1)
                 [ 00006908 ]  00003484          *   00000002              : fputs.obj (.const:.string)
                 [ 0000690c ]  00003486          *   00000002              : fltlid.obj (.const)

.text        0     00020000  [ 00010000 ] 00007857          *   
                   00020000  [ 00010000 ] 000015a4          *   rts55x.lib : _printfi.obj (.text)
                   000215a4  [ 00010ad2 ] 00000c3c          *   cslVC5505.lib : csl_i2c.obj (.text)
                   000221e0  [ 000110f0 ] 00000b18          *                 : csl_sar.obj (.text)
                   00022cf8  [ 0001167c ] 000009f3          *                 : csl_i2s.obj (.text)
                   000236eb  [ 00011b75+] 000005b5          *   aic3204_init.obj (.text)
                   00023ca0  [ 00011e50 ] 00000554          *   cslVC5505.lib : csl_intc.obj (.text)
                   000241f4  [ 000120fa ] 00000543          *   rts55x.lib : lowlev.obj (.text)
                   00024737  [ 0001239b+] 00000528          *              : trgdrv.obj (.text)
                   00024c5f  [ 0001262f+] 000004b5          *              : memory.obj (.text)
                   00025114  [ 0001288a ] 000003cc          *              : divd.obj (.text)
                   000254e0  [ 00012a70 ] 0000031b          *   ezdsp5535_aic3204_dma.obj (.text)
                   000257fb  [ 00012bfd+] 0000027f          *   rts55x.lib : fopen.obj (.text)
                   00025a7a  [ 00012d3d ] 0000025e          *              : llmpy.obj (.text)
                   00025cd8  [ 00012e6c ] 0000025a          *              : addd.obj (.text)
                   00025f32  [ 00012f99 ] 000001ea          *              : cmpd.obj (.text)
                   0002611c  [ 0001308e ] 0000017a          *   ezdsp5535bsl.lib : ezdsp5535_sar.obj (.text)
                   00026296  [ 0001314b ] 00000163          *   rts55x.lib : fputs.obj (.text)
                   000263f9  [ 000131fc+] 0000014c          *              : mpyd.obj (.text)
                   00026545  [ 000132a2+] 00000107          *   ezdsp5535bsl.lib : ezdsp5535_i2s.obj (.text)
                   0002664c  [ 00013326 ] 00000100          *   fir.obj (.text)
                   0002674c  [ 000133a6 ] 000000e6          *   rts55x.lib : setvbuf.obj (.text)
                   00026832  [ 00013419 ] 000000dd          *              : _io_perm.obj (.text)
                   0002690f  [ 00013487+] 000000cc          *   ezdsp5535_aic3204_dma.obj (.text:retain)
                   000269db  [ 000134ed+] 000000c3          *   aic3204.obj (.text)
                   00026a9e  [ 0001354f ] 000000c2          *   rts55x.lib : fflush.obj (.text)
                   00026b60  [ 000135b0 ] 000000ba          *              : trgmsg.obj (.text:CIO_breakpoint)
                   00026c1a  [ 0001360d ] 000000ba          *   processing.obj (.text)
                   00026cd4  [ 0001366a ] 000000ae          *   main.obj (.text)
                   00026d82  [ 000136c1 ] 000000a6          *   rts55x.lib : fputc.obj (.text)
                   00026e28  [ 00013714 ] 000000a1          *              : divul.obj (.text)
                   00026ec9  [ 00013764+] 0000008e          *   ezdsp5535bsl.lib : ezdsp5535_i2c.obj (.text)
                   00026f57  [ 000137ab+] 0000008c          *   cslVC5505.lib : csl_irqplug.obj (.text)
                   00026fe3  [ 000137f1+] 0000007d          *   rts55x.lib : ltoa.obj (.text)
                   00027060  [ 00013830 ] 0000007b          *              : fclose.obj (.text)
                   000270db  [ 0001386d+] 00000076          *              : frcmpyd.obj (.text)
                   00027151  [ 000138a8+] 00000073          *              : frcmpyd_div.obj (.text)
                   000271c4  [ 000138e2 ] 00000072          *              : remul.obj (.text)
                   00027236  [ 0001391b ] 0000006f          *              : fixdli.obj (.text)
                   000272a5  [ 00013952+] 0000006d          *   cslVC5505.lib : vectors.obj (.text)
                   00027312  [ 00013989 ] 0000006d          *   rts55x.lib : trgmsg.obj (.text)
                   0002737f  [ 000139bf+] 0000006b          *              : fseek.obj (.text)
                   000273ea  [ 000139f5 ] 00000067          *              : fltlid.obj (.text)
                   00027451  [ 00013a28+] 0000005c          *              : atoi.obj (.text)
                   000274ad  [ 00013a56+] 00000054          *   ezdsp5535bsl.lib : ezdsp5535.obj (.text)
                   00027501  [ 00013a80+] 00000050          *   rts55x.lib : printf.obj (.text)
                   00027551  [ 00013aa8+] 0000004d          *              : autoinit.obj (.text)
                   0002759e  [ 00013acf ] 0000004b          *              : args_main.obj (.text)
                   000275e9  [ 00013af4+] 0000004b          *              : remli.obj (.text)
                   00027634  [ 00013b1a ] 00000048          *              : divli.obj (.text)
                   0002767c  [ 00013b3e ] 0000003f          *              : memcpy.obj (.text)
                   000276bb  [ 00013b5d+] 0000003e          *              : exit.obj (.text)
                   000276f9  [ 00013b7c+] 0000003c          *              : idiv.obj (.text)
                   00027735  [ 00013b9a+] 00000034          *              : boot.obj (.text)
                   00027769  [ 00013bb4+] 0000002a          *              : fixdi.obj (.text)
                   00027793  [ 00013bc9+] 0000002a          *              : udiv.obj (.text)
                   000277bd  [ 00013bde+] 00000023          *              : memccpy.obj (.text)
                   000277e0  [ 00013bf0 ] 0000001a          *              : isinf.obj (.text)
                   000277fa  [ 00013bfd ] 00000014          *              : subd.obj (.text)
                   0002780e  [ 00013c07 ] 00000013          *              : lmpy.obj (.text)
                   00027821  [ 00013c10+] 00000012          *              : _lock.obj (.text)
                   00027833  [ 00013c19+] 00000010          *              : negd.obj (.text)
                   00027843  [ 00013c21+] 0000000a          *              : remove.obj (.text)
                   0002784d  [ 00013c26+] 00000007          *              : exit.obj (.text:CIO_breakpoint)
                   00027854  [ 00013c2a ] 00000002          *              : vectors.obj (.text)
                   00027856  [ 00013c2b ] 00000001          *   --HOLE-- [fill = 20]

.cio         0   [ 00040000 ]  00020000          *   00000120   UNINITIALIZED
                 [ 00040000 ]  00020000          *   00000120   rts55x.lib : trgmsg.obj (.cio)

.cinit       0   [ 00040240 ]  00020120          *   000000b4   
                 [ 00040240 ]  00020120          *   0000002d   rts55x.lib : lowlev.obj (.cinit)
                 [ 0004029a ]  0002014d          *   0000002c   filter_coeff.obj (.cinit)
                 [ 000402f2 ]  00020179          *   0000002a   rts55x.lib : defs.obj (.cinit)
                 [ 00040346 ]  000201a3          *   0000000c   ezdsp5535bsl.lib : ezdsp5535_sar.obj (.cinit)
                 [ 0004035e ]  000201af          *   0000000a   rts55x.lib : _lock.obj (.cinit)
                 [ 00040372 ]  000201b9          *   0000000a              : exit.obj (.cinit)
                 [ 00040386 ]  000201c3          *   00000008   cslVC5505.lib : csl_i2s.obj (.cinit)
                 [ 00040396 ]  000201cb          *   00000004   rts55x.lib : fopen.obj (.cinit)
                 [ 0004039e ]  000201cf          *   00000004              : memory.obj (.cinit)
                 [ 000403a6 ]  000201d3          *   00000001   --HOLE-- [fill = 0]

vectors      0     0004fe00  [ 00027f00 ] 00000200          *   
                   0004fe00  [ 00027f00 ] 00000100          *   cslVC5505.lib : vectors.obj (vectors)
                   0004ff00  [ 00027f80 ] 00000100          *   rts55x.lib : vectors.obj (vectors)


GLOBAL SYMBOLS: SORTED ALPHABETICALLY BY Name 

abs. value/
byte addr   word addr   name
---------   ---------   ----
00000002                $TI_capability$C5500$CallingConvention
00000002                $TI_capability$C5500$MemoryModel
00000001                $TI_capability_requires_rev3
ffffffff                .bss
ffffffff                .data
ffffffff                .text
0002784e                C$$EXIT
00026c15                C$$IO$$
000276f9                I$$DIV
0002780e                I$$LMPY
00027718                I$$MOD
00027793                I$$UDIV
000277a8                I$$UMOD
0004fe00                RST
000269db                _AIC3204_rget
00026a26                _AIC3204_rset
            00002868    _DMA_InputL
            00002968    _DMA_InputR
            00002a68    _DMA_OutputL
            00002b68    _DMA_OutputR
00026ec9                _EZDSP5535_I2C_init
00026f2f                _EZDSP5535_I2C_read
00026efe                _EZDSP5535_I2C_reset
00026f09                _EZDSP5535_I2C_write
0002663a                _EZDSP5535_I2S_close
00026545                _EZDSP5535_I2S_init
0002659e                _EZDSP5535_I2S_readLeft
000265fd                _EZDSP5535_I2S_readRight
000265d0                _EZDSP5535_I2S_writeLeft
0002661e                _EZDSP5535_I2S_writeRight
000261e2                _EZDSP5535_SAR_getKey
0002611c                _EZDSP5535_SAR_init
000274f3                _EZDSP5535_init
000274ad                _EZDSP5535_wait
000274e1                _EZDSP5535_waitusec
            00003171    _H0
            00003184    _H1
00024c01                _HOSTclock
00024b96                _HOSTclose
00024ae1                _HOSTlseek
00024a42                _HOSTopen
000249b5                _HOSTread
00024907                _HOSTrename
000248a9                _HOSTtime
0002483f                _HOSTunlink
000247b2                _HOSTwrite
0002164d                _I2C_config
00022018                _I2C_eventDisable
00021ee4                _I2C_eventEnable
000217b2                _I2C_getConfig
000221c4                _I2C_getEventId
000215a4                _I2C_init
00021cc6                _I2C_read
00022137                _I2C_setCallback
00021888                _I2C_setup
00021a82                _I2C_write
0002312d                _I2S_close
00022cf8                _I2S_open
000231df                _I2S_read
000235ef                _I2S_reset
00022e3f                _I2S_setup
000236a0                _I2S_transEnable
00023499                _I2S_write
00023d3a                _IRQ_clear
00023da4                _IRQ_clearAll
00023db4                _IRQ_config
00023eda                _IRQ_disable
00023f58                _IRQ_disableAll
00023f66                _IRQ_enable
00024060                _IRQ_getArg
00023e47                _IRQ_getConfig
000241ae                _IRQ_globalDisable
000241c7                _IRQ_globalEnable
000241e0                _IRQ_globalRestore
00023ca0                _IRQ_init
000240d9                _IRQ_map
00026f57                _IRQ_plug
00023ff0                _IRQ_restore
000240a6                _IRQ_setArg
0002410b                _IRQ_setVecs
0002413c                _IRQ_test
            00002c68    _InputBufferL
            00002d68    _InputBufferMono
            00002ce8    _InputBufferR
            00002de8    _OutputBufferMono
0004ff00                _Reset
00022763                _SAR_A2DMeasParamSet
00022bdd                _SAR_GPODirSet
000222da                _SAR_chanClose
0002235e                _SAR_chanConfig
0002265a                _SAR_chanCycSet
0002225d                _SAR_chanInit
00022278                _SAR_chanOpen
00022446                _SAR_chanSetup
0002223d                _SAR_deInit
000223d4                _SAR_getConfig
00022cb9                _SAR_getStatus
000221e0                _SAR_init
00022722                _SAR_readData
000226a9                _SAR_startConversion
000226db                _SAR_stopConversion
            000031ae    _SarHandle
            000031aa    _SarObj
0004fe00                _VECSTART
            00020000    __CIOBUF_
00023c47                __I2S_init
            00001060    __STACK_END
00002000                __STACK_SIZE
00002000                __SYSMEM_SIZE
00001000                __SYSSTACK_SIZE
00000001                __TI_args_main
ffffffff                ___binit__
ffffffff                ___bss__
ffffffff                ___c_args__
            00020120    ___cinit__
ffffffff                ___data__
ffffffff                ___edata__
ffffffff                ___end__
ffffffff                ___etext__
000277e0                ___isinf
ffffffff                ___pinit__
ffffffff                ___text__
00025cd8                __addd
0002759e                __args_main
0002591c                __cleanup
            000031bc    __cleanup_ptr
000260c4                __cmpd
            00003338    __ctypes_
00025114                __divd
000276f9                __divi
00027634                __divli
00025ca3                __divlli
00027793                __divu
00026e28                __divul
00025baf                __divull
00026a9e                __doflush
            000031be    __dtors_ptr
00026090                __eqld
00027769                __fixdi
00027236                __fixdli
000273ea                __fltlid
000270db                __frcmpyd
00027151                __frcmpyd_div
            00002f80    __ft_end
            00002e68    __ftable
00026046                __geqd
00025ffb                __gtrd
00025fae                __leqd
            000031b8    __lock
00025f66                __lssd
000263f9                __mpyd
0002780e                __mpyli
00025af7                __mpylli
00027833                __negd
00025f32                __neqd
00027831                __nop
00021362                __printfi
000268b2                __rd_ok
00027829                __register_lock
00027821                __register_unlock
00027718                __remi
000275e9                __remli
00025ac8                __remlli
000277a8                __remu
000271c4                __remul
00025a7a                __remull
            00000060    __stack
000277fa                __subd
            00001860    __sys_memory
            00001060    __sysstack
            00002ee0    __tmpnams
            000031ba    __unlock
00026832                __wrt_ok
0002784d                _abort
00024647                _add_device
00026a73                _aic3204_codec_read
00026a8a                _aic3204_codec_write
00026a62                _aic3204_disable
000254e0                _aic3204_dma_init
00026a50                _aic3204_hardware_init
000236eb                _aic3204_init
0002566b                _aic3204_read_block
00025720                _aic3204_write_block
00027451                _atoi
00027551                _auto_init
00027735                _c_int00
000250ee                _calloc
000250e6                _chkheap
000245d4                _close
            000031c0    _counter1
            000031c1    _counter2
00026c1a                _downsample
000276bb                _exit
00027060                _fclose
00026b07                _fflush
000245cb                _find_registered_device
0002664c                _fir_basic
000266c9                _fir_circular
00025a3f                _fopen
00026d82                _fputc
00026296                _fputs
00024c5f                _free
00025090                _free_memory
00025976                _freopen
            0000316f    _fsError
0002737f                _fseek
            00003198    _gI2cObj
00024737                _getenv
            000031c2    _hI2s
            000031a8    _i2cHandle
            000031b0    _keyCnt1
            000031b1    _keyCnt2
00024565                _lseek
00026fe3                _ltoa
00026d17                _main
00024d90                _malloc
00025036                _max_free
000277bd                _memccpy
0002767c                _memcpy
00024d2b                _minit
000244a6                _open
            00003170    _ouError
            000031ad    _preKey
00027501                _printf
00026d82                _putc
00026e19                _putchar
000263cb                _puts
000243f8                _read
00027312                _readmsg
00024e85                _realloc
00027843                _remove
000243c2                _remove_device
00024369                _rename
000238dc                _set_sampling_frequency_and_gain
0002674c                _setvbuf
00026cd4                _stereoToMono
00024336                _unlink
00026c64                _upsample
000241f4                _write
00026b60                _writemsg
ffffffff                binit
            00020120    cinit
ffffffff                edata
ffffffff                end
ffffffff                etext
ffffffff                pinit


GLOBAL SYMBOLS: SORTED BY Symbol Address 

abs. value/
byte addr   word addr   name
---------   ---------   ----
00000001                $TI_capability_requires_rev3
00000001                __TI_args_main
00000002                $TI_capability$C5500$CallingConvention
00000002                $TI_capability$C5500$MemoryModel
            00000060    __stack
00001000                __SYSSTACK_SIZE
00002000                __STACK_SIZE
00002000                __SYSMEM_SIZE
            00001060    __STACK_END
            00001060    __sysstack
            00001860    __sys_memory
            00002868    _DMA_InputL
            00002968    _DMA_InputR
            00002a68    _DMA_OutputL
            00002b68    _DMA_OutputR
            00002c68    _InputBufferL
            00002ce8    _InputBufferR
            00002d68    _InputBufferMono
            00002de8    _OutputBufferMono
            00002e68    __ftable
            00002ee0    __tmpnams
            00002f80    __ft_end
            0000316f    _fsError
            00003170    _ouError
            00003171    _H0
            00003184    _H1
            00003198    _gI2cObj
            000031a8    _i2cHandle
            000031aa    _SarObj
            000031ad    _preKey
            000031ae    _SarHandle
            000031b0    _keyCnt1
            000031b1    _keyCnt2
            000031b8    __lock
            000031ba    __unlock
            000031bc    __cleanup_ptr
            000031be    __dtors_ptr
            000031c0    _counter1
            000031c1    _counter2
            000031c2    _hI2s
            00003338    __ctypes_
00021362                __printfi
000215a4                _I2C_init
0002164d                _I2C_config
000217b2                _I2C_getConfig
00021888                _I2C_setup
00021a82                _I2C_write
00021cc6                _I2C_read
00021ee4                _I2C_eventEnable
00022018                _I2C_eventDisable
00022137                _I2C_setCallback
000221c4                _I2C_getEventId
000221e0                _SAR_init
0002223d                _SAR_deInit
0002225d                _SAR_chanInit
00022278                _SAR_chanOpen
000222da                _SAR_chanClose
0002235e                _SAR_chanConfig
000223d4                _SAR_getConfig
00022446                _SAR_chanSetup
0002265a                _SAR_chanCycSet
000226a9                _SAR_startConversion
000226db                _SAR_stopConversion
00022722                _SAR_readData
00022763                _SAR_A2DMeasParamSet
00022bdd                _SAR_GPODirSet
00022cb9                _SAR_getStatus
00022cf8                _I2S_open
00022e3f                _I2S_setup
0002312d                _I2S_close
000231df                _I2S_read
00023499                _I2S_write
000235ef                _I2S_reset
000236a0                _I2S_transEnable
000236eb                _aic3204_init
000238dc                _set_sampling_frequency_and_gain
00023c47                __I2S_init
00023ca0                _IRQ_init
00023d3a                _IRQ_clear
00023da4                _IRQ_clearAll
00023db4                _IRQ_config
00023e47                _IRQ_getConfig
00023eda                _IRQ_disable
00023f58                _IRQ_disableAll
00023f66                _IRQ_enable
00023ff0                _IRQ_restore
00024060                _IRQ_getArg
000240a6                _IRQ_setArg
000240d9                _IRQ_map
0002410b                _IRQ_setVecs
0002413c                _IRQ_test
000241ae                _IRQ_globalDisable
000241c7                _IRQ_globalEnable
000241e0                _IRQ_globalRestore
000241f4                _write
00024336                _unlink
00024369                _rename
000243c2                _remove_device
000243f8                _read
000244a6                _open
00024565                _lseek
000245cb                _find_registered_device
000245d4                _close
00024647                _add_device
00024737                _getenv
000247b2                _HOSTwrite
0002483f                _HOSTunlink
000248a9                _HOSTtime
00024907                _HOSTrename
000249b5                _HOSTread
00024a42                _HOSTopen
00024ae1                _HOSTlseek
00024b96                _HOSTclose
00024c01                _HOSTclock
00024c5f                _free
00024d2b                _minit
00024d90                _malloc
00024e85                _realloc
00025036                _max_free
00025090                _free_memory
000250e6                _chkheap
000250ee                _calloc
00025114                __divd
000254e0                _aic3204_dma_init
0002566b                _aic3204_read_block
00025720                _aic3204_write_block
0002591c                __cleanup
00025976                _freopen
00025a3f                _fopen
00025a7a                __remull
00025ac8                __remlli
00025af7                __mpylli
00025baf                __divull
00025ca3                __divlli
00025cd8                __addd
00025f32                __neqd
00025f66                __lssd
00025fae                __leqd
00025ffb                __gtrd
00026046                __geqd
00026090                __eqld
000260c4                __cmpd
0002611c                _EZDSP5535_SAR_init
000261e2                _EZDSP5535_SAR_getKey
00026296                _fputs
000263cb                _puts
000263f9                __mpyd
00026545                _EZDSP5535_I2S_init
0002659e                _EZDSP5535_I2S_readLeft
000265d0                _EZDSP5535_I2S_writeLeft
000265fd                _EZDSP5535_I2S_readRight
0002661e                _EZDSP5535_I2S_writeRight
0002663a                _EZDSP5535_I2S_close
0002664c                _fir_basic
000266c9                _fir_circular
0002674c                _setvbuf
00026832                __wrt_ok
000268b2                __rd_ok
000269db                _AIC3204_rget
00026a26                _AIC3204_rset
00026a50                _aic3204_hardware_init
00026a62                _aic3204_disable
00026a73                _aic3204_codec_read
00026a8a                _aic3204_codec_write
00026a9e                __doflush
00026b07                _fflush
00026b60                _writemsg
00026c15                C$$IO$$
00026c1a                _downsample
00026c64                _upsample
00026cd4                _stereoToMono
00026d17                _main
00026d82                _fputc
00026d82                _putc
00026e19                _putchar
00026e28                __divul
00026ec9                _EZDSP5535_I2C_init
00026efe                _EZDSP5535_I2C_reset
00026f09                _EZDSP5535_I2C_write
00026f2f                _EZDSP5535_I2C_read
00026f57                _IRQ_plug
00026fe3                _ltoa
00027060                _fclose
000270db                __frcmpyd
00027151                __frcmpyd_div
000271c4                __remul
00027236                __fixdli
00027312                _readmsg
0002737f                _fseek
000273ea                __fltlid
00027451                _atoi
000274ad                _EZDSP5535_wait
000274e1                _EZDSP5535_waitusec
000274f3                _EZDSP5535_init
00027501                _printf
00027551                _auto_init
0002759e                __args_main
000275e9                __remli
00027634                __divli
0002767c                _memcpy
000276bb                _exit
000276f9                I$$DIV
000276f9                __divi
00027718                I$$MOD
00027718                __remi
00027735                _c_int00
00027769                __fixdi
00027793                I$$UDIV
00027793                __divu
000277a8                I$$UMOD
000277a8                __remu
000277bd                _memccpy
000277e0                ___isinf
000277fa                __subd
0002780e                I$$LMPY
0002780e                __mpyli
00027821                __register_unlock
00027829                __register_lock
00027831                __nop
00027833                __negd
00027843                _remove
0002784d                _abort
0002784e                C$$EXIT
            00020000    __CIOBUF_
            00020120    ___cinit__
            00020120    cinit
0004fe00                RST
0004fe00                _VECSTART
0004ff00                _Reset
ffffffff                .bss
ffffffff                .data
ffffffff                .text
ffffffff                ___binit__
ffffffff                ___bss__
ffffffff                ___c_args__
ffffffff                ___data__
ffffffff                ___edata__
ffffffff                ___end__
ffffffff                ___etext__
ffffffff                ___pinit__
ffffffff                ___text__
ffffffff                binit
ffffffff                edata
ffffffff                end
ffffffff                etext
ffffffff                pinit

[246 symbols]
