<?xml version="1.0"?>
<link_info>
   <banner>TMS320C55x Linker PC v4.4.1</banner>
   <copyright>Copyright (c) 1996-2012 Texas Instruments Incorporated</copyright>
   <link_time>0x5aaa302a</link_time>
   <output_file>FilterBank.out</output_file>
   <entry_point>
      <name>_c_int00</name>
      <address>0x27735</address>
   </entry_point>
   <input_file_list>
      <input_file id="fl-2">
         <path>.\</path>
         <kind>object</kind>
         <file>aic3204.obj</file>
         <name>aic3204.obj</name>
      </input_file>
      <input_file id="fl-3">
         <path>.\</path>
         <kind>object</kind>
         <file>aic3204_init.obj</file>
         <name>aic3204_init.obj</name>
      </input_file>
      <input_file id="fl-4">
         <path>.\</path>
         <kind>object</kind>
         <file>ezdsp5535_aic3204_dma.obj</file>
         <name>ezdsp5535_aic3204_dma.obj</name>
      </input_file>
      <input_file id="fl-5">
         <path>.\</path>
         <kind>object</kind>
         <file>filter_coeff.obj</file>
         <name>filter_coeff.obj</name>
      </input_file>
      <input_file id="fl-6">
         <path>.\</path>
         <kind>object</kind>
         <file>fir.obj</file>
         <name>fir.obj</name>
      </input_file>
      <input_file id="fl-7">
         <path>.\</path>
         <kind>object</kind>
         <file>main.obj</file>
         <name>main.obj</name>
      </input_file>
      <input_file id="fl-8">
         <path>.\</path>
         <kind>object</kind>
         <file>processing.obj</file>
         <name>processing.obj</name>
      </input_file>
      <input_file id="fl-11">
         <path>..\lib\</path>
         <kind>archive</kind>
         <file>ezdsp5535bsl.lib</file>
         <name>ezdsp5535_sar.obj</name>
      </input_file>
      <input_file id="fl-12">
         <path>..\lib\</path>
         <kind>archive</kind>
         <file>ezdsp5535bsl.lib</file>
         <name>ezdsp5535_i2s.obj</name>
      </input_file>
      <input_file id="fl-13">
         <path>..\lib\</path>
         <kind>archive</kind>
         <file>ezdsp5535bsl.lib</file>
         <name>ezdsp5535_i2c.obj</name>
      </input_file>
      <input_file id="fl-14">
         <path>..\lib\</path>
         <kind>archive</kind>
         <file>ezdsp5535bsl.lib</file>
         <name>ezdsp5535.obj</name>
      </input_file>
      <input_file id="fl-15">
         <path>..\c55xx_csl\lib\</path>
         <kind>archive</kind>
         <file>cslVC5505.lib</file>
         <name>vectors.obj</name>
      </input_file>
      <input_file id="fl-16">
         <path>..\c55xx_csl\lib\</path>
         <kind>archive</kind>
         <file>cslVC5505.lib</file>
         <name>csl_sar.obj</name>
      </input_file>
      <input_file id="fl-17">
         <path>..\c55xx_csl\lib\</path>
         <kind>archive</kind>
         <file>cslVC5505.lib</file>
         <name>csl_irqplug.obj</name>
      </input_file>
      <input_file id="fl-18">
         <path>..\c55xx_csl\lib\</path>
         <kind>archive</kind>
         <file>cslVC5505.lib</file>
         <name>csl_intc.obj</name>
      </input_file>
      <input_file id="fl-19">
         <path>..\c55xx_csl\lib\</path>
         <kind>archive</kind>
         <file>cslVC5505.lib</file>
         <name>csl_i2s.obj</name>
      </input_file>
      <input_file id="fl-1a">
         <path>..\c55xx_csl\lib\</path>
         <kind>archive</kind>
         <file>cslVC5505.lib</file>
         <name>csl_i2c.obj</name>
      </input_file>
      <input_file id="fl-1b">
         <path>C:\ti\ccsv6\tools\compiler\c5500_4.4.1\lib\</path>
         <kind>archive</kind>
         <file>rts55x.lib</file>
         <name>boot.obj</name>
      </input_file>
      <input_file id="fl-1c">
         <path>C:\ti\ccsv6\tools\compiler\c5500_4.4.1\lib\</path>
         <kind>archive</kind>
         <file>rts55x.lib</file>
         <name>divul.obj</name>
      </input_file>
      <input_file id="fl-1d">
         <path>C:\ti\ccsv6\tools\compiler\c5500_4.4.1\lib\</path>
         <kind>archive</kind>
         <file>rts55x.lib</file>
         <name>exit.obj</name>
      </input_file>
      <input_file id="fl-1e">
         <path>C:\ti\ccsv6\tools\compiler\c5500_4.4.1\lib\</path>
         <kind>archive</kind>
         <file>rts55x.lib</file>
         <name>idiv.obj</name>
      </input_file>
      <input_file id="fl-1f">
         <path>C:\ti\ccsv6\tools\compiler\c5500_4.4.1\lib\</path>
         <kind>archive</kind>
         <file>rts55x.lib</file>
         <name>lmpy.obj</name>
      </input_file>
      <input_file id="fl-20">
         <path>C:\ti\ccsv6\tools\compiler\c5500_4.4.1\lib\</path>
         <kind>archive</kind>
         <file>rts55x.lib</file>
         <name>printf.obj</name>
      </input_file>
      <input_file id="fl-21">
         <path>C:\ti\ccsv6\tools\compiler\c5500_4.4.1\lib\</path>
         <kind>archive</kind>
         <file>rts55x.lib</file>
         <name>remul.obj</name>
      </input_file>
      <input_file id="fl-22">
         <path>C:\ti\ccsv6\tools\compiler\c5500_4.4.1\lib\</path>
         <kind>archive</kind>
         <file>rts55x.lib</file>
         <name>vectors.obj</name>
      </input_file>
      <input_file id="fl-23">
         <path>C:\ti\ccsv6\tools\compiler\c5500_4.4.1\lib\</path>
         <kind>archive</kind>
         <file>rts55x.lib</file>
         <name>_lock.obj</name>
      </input_file>
      <input_file id="fl-24">
         <path>C:\ti\ccsv6\tools\compiler\c5500_4.4.1\lib\</path>
         <kind>archive</kind>
         <file>rts55x.lib</file>
         <name>_printfi.obj</name>
      </input_file>
      <input_file id="fl-25">
         <path>C:\ti\ccsv6\tools\compiler\c5500_4.4.1\lib\</path>
         <kind>archive</kind>
         <file>rts55x.lib</file>
         <name>args_main.obj</name>
      </input_file>
      <input_file id="fl-26">
         <path>C:\ti\ccsv6\tools\compiler\c5500_4.4.1\lib\</path>
         <kind>archive</kind>
         <file>rts55x.lib</file>
         <name>atoi.obj</name>
      </input_file>
      <input_file id="fl-27">
         <path>C:\ti\ccsv6\tools\compiler\c5500_4.4.1\lib\</path>
         <kind>archive</kind>
         <file>rts55x.lib</file>
         <name>autoinit.obj</name>
      </input_file>
      <input_file id="fl-28">
         <path>C:\ti\ccsv6\tools\compiler\c5500_4.4.1\lib\</path>
         <kind>archive</kind>
         <file>rts55x.lib</file>
         <name>cmpd.obj</name>
      </input_file>
      <input_file id="fl-29">
         <path>C:\ti\ccsv6\tools\compiler\c5500_4.4.1\lib\</path>
         <kind>archive</kind>
         <file>rts55x.lib</file>
         <name>ctype.obj</name>
      </input_file>
      <input_file id="fl-2a">
         <path>C:\ti\ccsv6\tools\compiler\c5500_4.4.1\lib\</path>
         <kind>archive</kind>
         <file>rts55x.lib</file>
         <name>defs.obj</name>
      </input_file>
      <input_file id="fl-2b">
         <path>C:\ti\ccsv6\tools\compiler\c5500_4.4.1\lib\</path>
         <kind>archive</kind>
         <file>rts55x.lib</file>
         <name>divd.obj</name>
      </input_file>
      <input_file id="fl-2c">
         <path>C:\ti\ccsv6\tools\compiler\c5500_4.4.1\lib\</path>
         <kind>archive</kind>
         <file>rts55x.lib</file>
         <name>fixdi.obj</name>
      </input_file>
      <input_file id="fl-2d">
         <path>C:\ti\ccsv6\tools\compiler\c5500_4.4.1\lib\</path>
         <kind>archive</kind>
         <file>rts55x.lib</file>
         <name>fixdli.obj</name>
      </input_file>
      <input_file id="fl-2e">
         <path>C:\ti\ccsv6\tools\compiler\c5500_4.4.1\lib\</path>
         <kind>archive</kind>
         <file>rts55x.lib</file>
         <name>fltlid.obj</name>
      </input_file>
      <input_file id="fl-2f">
         <path>C:\ti\ccsv6\tools\compiler\c5500_4.4.1\lib\</path>
         <kind>archive</kind>
         <file>rts55x.lib</file>
         <name>fputc.obj</name>
      </input_file>
      <input_file id="fl-30">
         <path>C:\ti\ccsv6\tools\compiler\c5500_4.4.1\lib\</path>
         <kind>archive</kind>
         <file>rts55x.lib</file>
         <name>fputs.obj</name>
      </input_file>
      <input_file id="fl-31">
         <path>C:\ti\ccsv6\tools\compiler\c5500_4.4.1\lib\</path>
         <kind>archive</kind>
         <file>rts55x.lib</file>
         <name>frcmpyd_div.obj</name>
      </input_file>
      <input_file id="fl-32">
         <path>C:\ti\ccsv6\tools\compiler\c5500_4.4.1\lib\</path>
         <kind>archive</kind>
         <file>rts55x.lib</file>
         <name>isinf.obj</name>
      </input_file>
      <input_file id="fl-33">
         <path>C:\ti\ccsv6\tools\compiler\c5500_4.4.1\lib\</path>
         <kind>archive</kind>
         <file>rts55x.lib</file>
         <name>llmpy.obj</name>
      </input_file>
      <input_file id="fl-34">
         <path>C:\ti\ccsv6\tools\compiler\c5500_4.4.1\lib\</path>
         <kind>archive</kind>
         <file>rts55x.lib</file>
         <name>lowlev.obj</name>
      </input_file>
      <input_file id="fl-35">
         <path>C:\ti\ccsv6\tools\compiler\c5500_4.4.1\lib\</path>
         <kind>archive</kind>
         <file>rts55x.lib</file>
         <name>ltoa.obj</name>
      </input_file>
      <input_file id="fl-36">
         <path>C:\ti\ccsv6\tools\compiler\c5500_4.4.1\lib\</path>
         <kind>archive</kind>
         <file>rts55x.lib</file>
         <name>memccpy.obj</name>
      </input_file>
      <input_file id="fl-37">
         <path>C:\ti\ccsv6\tools\compiler\c5500_4.4.1\lib\</path>
         <kind>archive</kind>
         <file>rts55x.lib</file>
         <name>memcpy.obj</name>
      </input_file>
      <input_file id="fl-38">
         <path>C:\ti\ccsv6\tools\compiler\c5500_4.4.1\lib\</path>
         <kind>archive</kind>
         <file>rts55x.lib</file>
         <name>mpyd.obj</name>
      </input_file>
      <input_file id="fl-39">
         <path>C:\ti\ccsv6\tools\compiler\c5500_4.4.1\lib\</path>
         <kind>archive</kind>
         <file>rts55x.lib</file>
         <name>negd.obj</name>
      </input_file>
      <input_file id="fl-3a">
         <path>C:\ti\ccsv6\tools\compiler\c5500_4.4.1\lib\</path>
         <kind>archive</kind>
         <file>rts55x.lib</file>
         <name>remli.obj</name>
      </input_file>
      <input_file id="fl-3b">
         <path>C:\ti\ccsv6\tools\compiler\c5500_4.4.1\lib\</path>
         <kind>archive</kind>
         <file>rts55x.lib</file>
         <name>subd.obj</name>
      </input_file>
      <input_file id="fl-3c">
         <path>C:\ti\ccsv6\tools\compiler\c5500_4.4.1\lib\</path>
         <kind>archive</kind>
         <file>rts55x.lib</file>
         <name>trgdrv.obj</name>
      </input_file>
      <input_file id="fl-3d">
         <path>C:\ti\ccsv6\tools\compiler\c5500_4.4.1\lib\</path>
         <kind>archive</kind>
         <file>rts55x.lib</file>
         <name>trgmsg.obj</name>
      </input_file>
      <input_file id="fl-3e">
         <path>C:\ti\ccsv6\tools\compiler\c5500_4.4.1\lib\</path>
         <kind>archive</kind>
         <file>rts55x.lib</file>
         <name>udiv.obj</name>
      </input_file>
      <input_file id="fl-3f">
         <path>C:\ti\ccsv6\tools\compiler\c5500_4.4.1\lib\</path>
         <kind>archive</kind>
         <file>rts55x.lib</file>
         <name>_io_perm.obj</name>
      </input_file>
      <input_file id="fl-40">
         <path>C:\ti\ccsv6\tools\compiler\c5500_4.4.1\lib\</path>
         <kind>archive</kind>
         <file>rts55x.lib</file>
         <name>addd.obj</name>
      </input_file>
      <input_file id="fl-41">
         <path>C:\ti\ccsv6\tools\compiler\c5500_4.4.1\lib\</path>
         <kind>archive</kind>
         <file>rts55x.lib</file>
         <name>divli.obj</name>
      </input_file>
      <input_file id="fl-42">
         <path>C:\ti\ccsv6\tools\compiler\c5500_4.4.1\lib\</path>
         <kind>archive</kind>
         <file>rts55x.lib</file>
         <name>fflush.obj</name>
      </input_file>
      <input_file id="fl-43">
         <path>C:\ti\ccsv6\tools\compiler\c5500_4.4.1\lib\</path>
         <kind>archive</kind>
         <file>rts55x.lib</file>
         <name>frcmpyd.obj</name>
      </input_file>
      <input_file id="fl-44">
         <path>C:\ti\ccsv6\tools\compiler\c5500_4.4.1\lib\</path>
         <kind>archive</kind>
         <file>rts55x.lib</file>
         <name>fseek.obj</name>
      </input_file>
      <input_file id="fl-45">
         <path>C:\ti\ccsv6\tools\compiler\c5500_4.4.1\lib\</path>
         <kind>archive</kind>
         <file>rts55x.lib</file>
         <name>setvbuf.obj</name>
      </input_file>
      <input_file id="fl-46">
         <path>C:\ti\ccsv6\tools\compiler\c5500_4.4.1\lib\</path>
         <kind>archive</kind>
         <file>rts55x.lib</file>
         <name>fopen.obj</name>
      </input_file>
      <input_file id="fl-47">
         <path>C:\ti\ccsv6\tools\compiler\c5500_4.4.1\lib\</path>
         <kind>archive</kind>
         <file>rts55x.lib</file>
         <name>memory.obj</name>
      </input_file>
      <input_file id="fl-48">
         <path>C:\ti\ccsv6\tools\compiler\c5500_4.4.1\lib\</path>
         <kind>archive</kind>
         <file>rts55x.lib</file>
         <name>fclose.obj</name>
      </input_file>
      <input_file id="fl-49">
         <path>C:\ti\ccsv6\tools\compiler\c5500_4.4.1\lib\</path>
         <kind>archive</kind>
         <file>rts55x.lib</file>
         <name>remove.obj</name>
      </input_file>
   </input_file_list>
   <object_component_list>
      <object_component id="oc-9b">
         <name>.text</name>
         <load_address>0x20000</load_address>
         <run_address>0x20000</run_address>
         <size>0x15a4</size>
         <input_file_ref idref="fl-24"/>
      </object_component>
      <object_component id="oc-6c">
         <name>.text</name>
         <load_address>0x215a4</load_address>
         <run_address>0x215a4</run_address>
         <size>0xc3c</size>
         <input_file_ref idref="fl-1a"/>
      </object_component>
      <object_component id="oc-56">
         <name>.text</name>
         <load_address>0x221e0</load_address>
         <run_address>0x221e0</run_address>
         <size>0xb18</size>
         <input_file_ref idref="fl-16"/>
      </object_component>
      <object_component id="oc-65">
         <name>.text</name>
         <load_address>0x22cf8</load_address>
         <run_address>0x22cf8</run_address>
         <size>0x9f3</size>
         <input_file_ref idref="fl-19"/>
      </object_component>
      <object_component id="oc-18">
         <name>.text</name>
         <load_address>0x236eb</load_address>
         <run_address>0x236eb</run_address>
         <size>0x5b5</size>
         <input_file_ref idref="fl-3"/>
      </object_component>
      <object_component id="oc-5f">
         <name>.text</name>
         <load_address>0x23ca0</load_address>
         <run_address>0x23ca0</run_address>
         <size>0x554</size>
         <input_file_ref idref="fl-18"/>
      </object_component>
      <object_component id="oc-dd">
         <name>.text</name>
         <load_address>0x241f4</load_address>
         <run_address>0x241f4</run_address>
         <size>0x543</size>
         <input_file_ref idref="fl-34"/>
      </object_component>
      <object_component id="oc-ff">
         <name>.text</name>
         <load_address>0x24737</load_address>
         <run_address>0x24737</run_address>
         <size>0x528</size>
         <input_file_ref idref="fl-3c"/>
      </object_component>
      <object_component id="oc-130">
         <name>.text</name>
         <load_address>0x24c5f</load_address>
         <run_address>0x24c5f</run_address>
         <size>0x4b5</size>
         <input_file_ref idref="fl-47"/>
      </object_component>
      <object_component id="oc-b7">
         <name>.text</name>
         <load_address>0x25114</load_address>
         <run_address>0x25114</run_address>
         <size>0x3cc</size>
         <input_file_ref idref="fl-2b"/>
      </object_component>
      <object_component id="oc-1e">
         <name>.text</name>
         <load_address>0x254e0</load_address>
         <run_address>0x254e0</run_address>
         <size>0x31b</size>
         <input_file_ref idref="fl-4"/>
      </object_component>
      <object_component id="oc-12a">
         <name>.text</name>
         <load_address>0x257fb</load_address>
         <run_address>0x257fb</run_address>
         <size>0x27f</size>
         <input_file_ref idref="fl-46"/>
      </object_component>
      <object_component id="oc-d9">
         <name>.text</name>
         <load_address>0x25a7a</load_address>
         <run_address>0x25a7a</run_address>
         <size>0x25e</size>
         <input_file_ref idref="fl-33"/>
      </object_component>
      <object_component id="oc-112">
         <name>.text</name>
         <load_address>0x25cd8</load_address>
         <run_address>0x25cd8</run_address>
         <size>0x25a</size>
         <input_file_ref idref="fl-40"/>
      </object_component>
      <object_component id="oc-ad">
         <name>.text</name>
         <load_address>0x25f32</load_address>
         <run_address>0x25f32</run_address>
         <size>0x1ea</size>
         <input_file_ref idref="fl-28"/>
      </object_component>
      <object_component id="oc-3a">
         <name>.text</name>
         <load_address>0x2611c</load_address>
         <run_address>0x2611c</run_address>
         <size>0x17a</size>
         <input_file_ref idref="fl-11"/>
      </object_component>
      <object_component id="oc-cc">
         <name>.text</name>
         <load_address>0x26296</load_address>
         <run_address>0x26296</run_address>
         <size>0x163</size>
         <input_file_ref idref="fl-30"/>
      </object_component>
      <object_component id="oc-ef">
         <name>.text</name>
         <load_address>0x263f9</load_address>
         <run_address>0x263f9</run_address>
         <size>0x14c</size>
         <input_file_ref idref="fl-38"/>
      </object_component>
      <object_component id="oc-41">
         <name>.text</name>
         <load_address>0x26545</load_address>
         <run_address>0x26545</run_address>
         <size>0x107</size>
         <input_file_ref idref="fl-12"/>
      </object_component>
      <object_component id="oc-29">
         <name>.text</name>
         <load_address>0x2664c</load_address>
         <run_address>0x2664c</run_address>
         <size>0x100</size>
         <input_file_ref idref="fl-6"/>
      </object_component>
      <object_component id="oc-126">
         <name>.text</name>
         <load_address>0x2674c</load_address>
         <run_address>0x2674c</run_address>
         <size>0xe6</size>
         <input_file_ref idref="fl-45"/>
      </object_component>
      <object_component id="oc-10e">
         <name>.text</name>
         <load_address>0x26832</load_address>
         <run_address>0x26832</run_address>
         <size>0xdd</size>
         <input_file_ref idref="fl-3f"/>
      </object_component>
      <object_component id="oc-21">
         <name>.text:retain</name>
         <load_address>0x2690f</load_address>
         <run_address>0x2690f</run_address>
         <size>0xcc</size>
         <input_file_ref idref="fl-4"/>
      </object_component>
      <object_component id="oc-12">
         <name>.text</name>
         <load_address>0x269db</load_address>
         <run_address>0x269db</run_address>
         <size>0xc3</size>
         <input_file_ref idref="fl-2"/>
      </object_component>
      <object_component id="oc-11a">
         <name>.text</name>
         <load_address>0x26a9e</load_address>
         <run_address>0x26a9e</run_address>
         <size>0xc2</size>
         <input_file_ref idref="fl-42"/>
      </object_component>
      <object_component id="oc-107">
         <name>.text:CIO_breakpoint</name>
         <load_address>0x26b60</load_address>
         <run_address>0x26b60</run_address>
         <size>0xba</size>
         <input_file_ref idref="fl-3d"/>
      </object_component>
      <object_component id="oc-35">
         <name>.text</name>
         <load_address>0x26c1a</load_address>
         <run_address>0x26c1a</run_address>
         <size>0xba</size>
         <input_file_ref idref="fl-8"/>
      </object_component>
      <object_component id="oc-2e">
         <name>.text</name>
         <load_address>0x26cd4</load_address>
         <run_address>0x26cd4</run_address>
         <size>0xae</size>
         <input_file_ref idref="fl-7"/>
      </object_component>
      <object_component id="oc-c8">
         <name>.text</name>
         <load_address>0x26d82</load_address>
         <run_address>0x26d82</run_address>
         <size>0xa6</size>
         <input_file_ref idref="fl-2f"/>
      </object_component>
      <object_component id="oc-76">
         <name>.text</name>
         <load_address>0x26e28</load_address>
         <run_address>0x26e28</run_address>
         <size>0xa1</size>
         <input_file_ref idref="fl-1c"/>
      </object_component>
      <object_component id="oc-47">
         <name>.text</name>
         <load_address>0x26ec9</load_address>
         <run_address>0x26ec9</run_address>
         <size>0x8e</size>
         <input_file_ref idref="fl-13"/>
      </object_component>
      <object_component id="oc-5b">
         <name>.text</name>
         <load_address>0x26f57</load_address>
         <run_address>0x26f57</run_address>
         <size>0x8c</size>
         <input_file_ref idref="fl-17"/>
      </object_component>
      <object_component id="oc-e3">
         <name>.text</name>
         <load_address>0x26fe3</load_address>
         <run_address>0x26fe3</run_address>
         <size>0x7d</size>
         <input_file_ref idref="fl-35"/>
      </object_component>
      <object_component id="oc-137">
         <name>.text</name>
         <load_address>0x27060</load_address>
         <run_address>0x27060</run_address>
         <size>0x7b</size>
         <input_file_ref idref="fl-48"/>
      </object_component>
      <object_component id="oc-11e">
         <name>.text</name>
         <load_address>0x270db</load_address>
         <run_address>0x270db</run_address>
         <size>0x76</size>
         <input_file_ref idref="fl-43"/>
      </object_component>
      <object_component id="oc-d1">
         <name>.text</name>
         <load_address>0x27151</load_address>
         <run_address>0x27151</run_address>
         <size>0x73</size>
         <input_file_ref idref="fl-31"/>
      </object_component>
      <object_component id="oc-8d">
         <name>.text</name>
         <load_address>0x271c4</load_address>
         <run_address>0x271c4</run_address>
         <size>0x72</size>
         <input_file_ref idref="fl-21"/>
      </object_component>
      <object_component id="oc-bf">
         <name>.text</name>
         <load_address>0x27236</load_address>
         <run_address>0x27236</run_address>
         <size>0x6f</size>
         <input_file_ref idref="fl-2d"/>
      </object_component>
      <object_component id="oc-51">
         <name>.text</name>
         <load_address>0x272a5</load_address>
         <run_address>0x272a5</run_address>
         <size>0x6d</size>
         <input_file_ref idref="fl-15"/>
      </object_component>
      <object_component id="oc-104">
         <name>.text</name>
         <load_address>0x27312</load_address>
         <run_address>0x27312</run_address>
         <size>0x6d</size>
         <input_file_ref idref="fl-3d"/>
      </object_component>
      <object_component id="oc-122">
         <name>.text</name>
         <load_address>0x2737f</load_address>
         <run_address>0x2737f</run_address>
         <size>0x6b</size>
         <input_file_ref idref="fl-44"/>
      </object_component>
      <object_component id="oc-c3">
         <name>.text</name>
         <load_address>0x273ea</load_address>
         <run_address>0x273ea</run_address>
         <size>0x67</size>
         <input_file_ref idref="fl-2e"/>
      </object_component>
      <object_component id="oc-a5">
         <name>.text</name>
         <load_address>0x27451</load_address>
         <run_address>0x27451</run_address>
         <size>0x5c</size>
         <input_file_ref idref="fl-26"/>
      </object_component>
      <object_component id="oc-4c">
         <name>.text</name>
         <load_address>0x274ad</load_address>
         <run_address>0x274ad</run_address>
         <size>0x54</size>
         <input_file_ref idref="fl-14"/>
      </object_component>
      <object_component id="oc-89">
         <name>.text</name>
         <load_address>0x27501</load_address>
         <run_address>0x27501</run_address>
         <size>0x50</size>
         <input_file_ref idref="fl-20"/>
      </object_component>
      <object_component id="oc-a9">
         <name>.text</name>
         <load_address>0x27551</load_address>
         <run_address>0x27551</run_address>
         <size>0x4d</size>
         <input_file_ref idref="fl-27"/>
      </object_component>
      <object_component id="oc-a1">
         <name>.text</name>
         <load_address>0x2759e</load_address>
         <run_address>0x2759e</run_address>
         <size>0x4b</size>
         <input_file_ref idref="fl-25"/>
      </object_component>
      <object_component id="oc-f7">
         <name>.text</name>
         <load_address>0x275e9</load_address>
         <run_address>0x275e9</run_address>
         <size>0x4b</size>
         <input_file_ref idref="fl-3a"/>
      </object_component>
      <object_component id="oc-116">
         <name>.text</name>
         <load_address>0x27634</load_address>
         <run_address>0x27634</run_address>
         <size>0x48</size>
         <input_file_ref idref="fl-41"/>
      </object_component>
      <object_component id="oc-eb">
         <name>.text</name>
         <load_address>0x2767c</load_address>
         <run_address>0x2767c</run_address>
         <size>0x3f</size>
         <input_file_ref idref="fl-37"/>
      </object_component>
      <object_component id="oc-7a">
         <name>.text</name>
         <load_address>0x276bb</load_address>
         <run_address>0x276bb</run_address>
         <size>0x3e</size>
         <input_file_ref idref="fl-1d"/>
      </object_component>
      <object_component id="oc-81">
         <name>.text</name>
         <load_address>0x276f9</load_address>
         <run_address>0x276f9</run_address>
         <size>0x3c</size>
         <input_file_ref idref="fl-1e"/>
      </object_component>
      <object_component id="oc-10">
         <name>.text</name>
         <load_address>0x27735</load_address>
         <run_address>0x27735</run_address>
         <size>0x34</size>
         <input_file_ref idref="fl-1b"/>
      </object_component>
      <object_component id="oc-bb">
         <name>.text</name>
         <load_address>0x27769</load_address>
         <run_address>0x27769</run_address>
         <size>0x2a</size>
         <input_file_ref idref="fl-2c"/>
      </object_component>
      <object_component id="oc-10a">
         <name>.text</name>
         <load_address>0x27793</load_address>
         <run_address>0x27793</run_address>
         <size>0x2a</size>
         <input_file_ref idref="fl-3e"/>
      </object_component>
      <object_component id="oc-e7">
         <name>.text</name>
         <load_address>0x277bd</load_address>
         <run_address>0x277bd</run_address>
         <size>0x23</size>
         <input_file_ref idref="fl-36"/>
      </object_component>
      <object_component id="oc-d5">
         <name>.text</name>
         <load_address>0x277e0</load_address>
         <run_address>0x277e0</run_address>
         <size>0x1a</size>
         <input_file_ref idref="fl-32"/>
      </object_component>
      <object_component id="oc-fb">
         <name>.text</name>
         <load_address>0x277fa</load_address>
         <run_address>0x277fa</run_address>
         <size>0x14</size>
         <input_file_ref idref="fl-3b"/>
      </object_component>
      <object_component id="oc-85">
         <name>.text</name>
         <load_address>0x2780e</load_address>
         <run_address>0x2780e</run_address>
         <size>0x13</size>
         <input_file_ref idref="fl-1f"/>
      </object_component>
      <object_component id="oc-95">
         <name>.text</name>
         <load_address>0x27821</load_address>
         <run_address>0x27821</run_address>
         <size>0x12</size>
         <input_file_ref idref="fl-23"/>
      </object_component>
      <object_component id="oc-f3">
         <name>.text</name>
         <load_address>0x27833</load_address>
         <run_address>0x27833</run_address>
         <size>0x10</size>
         <input_file_ref idref="fl-39"/>
      </object_component>
      <object_component id="oc-13b">
         <name>.text</name>
         <load_address>0x27843</load_address>
         <run_address>0x27843</run_address>
         <size>0xa</size>
         <input_file_ref idref="fl-49"/>
      </object_component>
      <object_component id="oc-7e">
         <name>.text:CIO_breakpoint</name>
         <load_address>0x2784d</load_address>
         <run_address>0x2784d</run_address>
         <size>0x7</size>
         <input_file_ref idref="fl-1d"/>
      </object_component>
      <object_component id="oc-91">
         <name>.text</name>
         <load_address>0x27854</load_address>
         <run_address>0x27854</run_address>
         <size>0x2</size>
         <input_file_ref idref="fl-22"/>
      </object_component>
      <object_component id="oc-72">
         <name>.stack</name>
         <uninitialized>true</uninitialized>
         <run_address>0xc0</run_address>
         <size>0x0</size>
         <input_file_ref idref="fl-1b"/>
      </object_component>
      <object_component id="oc-159">
         <name>.stack</name>
         <uninitialized>true</uninitialized>
         <run_address>0xc0</run_address>
         <size>0x0</size>
      </object_component>
      <object_component id="oc-13f">
         <name>.sysstack</name>
         <uninitialized>true</uninitialized>
         <run_address>0x20c0</run_address>
         <size>0x0</size>
         <input_file_ref idref="fl-1b"/>
      </object_component>
      <object_component id="oc-15b">
         <name>.sysstack</name>
         <uninitialized>true</uninitialized>
         <run_address>0x20c0</run_address>
         <size>0x0</size>
      </object_component>
      <object_component id="oc-1f">
         <name>.bss</name>
         <uninitialized>true</uninitialized>
         <run_address>0x50c0</run_address>
         <size>0x810</size>
         <input_file_ref idref="fl-4"/>
      </object_component>
      <object_component id="oc-2f">
         <name>.bss</name>
         <uninitialized>true</uninitialized>
         <run_address>0x58d0</run_address>
         <size>0x400</size>
         <input_file_ref idref="fl-7"/>
      </object_component>
      <object_component id="oc-b3">
         <name>.bss</name>
         <uninitialized>true</uninitialized>
         <run_address>0x5cd0</run_address>
         <size>0x232</size>
         <input_file_ref idref="fl-2a"/>
      </object_component>
      <object_component id="oc-100">
         <name>.bss</name>
         <uninitialized>true</uninitialized>
         <run_address>0x5f02</run_address>
         <size>0x1a0</size>
         <input_file_ref idref="fl-3c"/>
      </object_component>
      <object_component id="oc-12b">
         <name>.bss</name>
         <uninitialized>true</uninitialized>
         <run_address>0x60a2</run_address>
         <size>0x2</size>
         <input_file_ref idref="fl-46"/>
      </object_component>
      <object_component id="oc-60">
         <name>.bss</name>
         <uninitialized>true</uninitialized>
         <run_address>0x60a4</run_address>
         <size>0x108</size>
         <input_file_ref idref="fl-18"/>
      </object_component>
      <object_component id="oc-de">
         <name>.bss</name>
         <uninitialized>true</uninitialized>
         <run_address>0x61ac</run_address>
         <size>0xe2</size>
         <input_file_ref idref="fl-34"/>
      </object_component>
      <object_component id="oc-66">
         <name>.bss</name>
         <uninitialized>true</uninitialized>
         <run_address>0x628e</run_address>
         <size>0x54</size>
         <input_file_ref idref="fl-19"/>
      </object_component>
      <object_component id="oc-25">
         <name>.bss</name>
         <uninitialized>true</uninitialized>
         <run_address>0x62e2</run_address>
         <size>0x4c</size>
         <input_file_ref idref="fl-5"/>
      </object_component>
      <object_component id="oc-6d">
         <name>.bss</name>
         <uninitialized>true</uninitialized>
         <run_address>0x6330</run_address>
         <size>0x24</size>
         <input_file_ref idref="fl-1a"/>
      </object_component>
      <object_component id="oc-3b">
         <name>.bss</name>
         <uninitialized>true</uninitialized>
         <run_address>0x6354</run_address>
         <size>0x10</size>
         <input_file_ref idref="fl-11"/>
      </object_component>
      <object_component id="oc-131">
         <name>.bss</name>
         <uninitialized>true</uninitialized>
         <run_address>0x6364</run_address>
         <size>0xc</size>
         <input_file_ref idref="fl-47"/>
      </object_component>
      <object_component id="oc-96">
         <name>.bss</name>
         <uninitialized>true</uninitialized>
         <run_address>0x6370</run_address>
         <size>0x8</size>
         <input_file_ref idref="fl-23"/>
      </object_component>
      <object_component id="oc-7b">
         <name>.bss</name>
         <uninitialized>true</uninitialized>
         <run_address>0x6378</run_address>
         <size>0x8</size>
         <input_file_ref idref="fl-1d"/>
      </object_component>
      <object_component id="oc-13">
         <name>.bss</name>
         <uninitialized>true</uninitialized>
         <run_address>0x6380</run_address>
         <size>0x4</size>
         <input_file_ref idref="fl-2"/>
      </object_component>
      <object_component id="oc-42">
         <name>.bss</name>
         <uninitialized>true</uninitialized>
         <run_address>0x6384</run_address>
         <size>0x4</size>
         <input_file_ref idref="fl-12"/>
      </object_component>
      <object_component id="oc-1a">
         <name>.const:.string</name>
         <load_address>0x6388</load_address>
         <run_address>0x6388</run_address>
         <size>0x2e8</size>
         <input_file_ref idref="fl-3"/>
      </object_component>
      <object_component id="oc-140">
         <name>.const:__ctypes_</name>
         <load_address>0x6670</load_address>
         <run_address>0x6670</run_address>
         <size>0x202</size>
         <input_file_ref idref="fl-29"/>
      </object_component>
      <object_component id="oc-9e">
         <name>.const:.string</name>
         <load_address>0x6874</load_address>
         <run_address>0x6874</run_address>
         <size>0x48</size>
         <input_file_ref idref="fl-24"/>
      </object_component>
      <object_component id="oc-31">
         <name>.const:.string</name>
         <load_address>0x68bc</load_address>
         <run_address>0x68bc</run_address>
         <size>0x24</size>
         <input_file_ref idref="fl-7"/>
      </object_component>
      <object_component id="oc-9d">
         <name>.const</name>
         <load_address>0x68e0</load_address>
         <run_address>0x68e0</run_address>
         <size>0x18</size>
         <input_file_ref idref="fl-24"/>
      </object_component>
      <object_component id="oc-141">
         <name>.const:_initial_approx$1</name>
         <load_address>0x68f8</load_address>
         <run_address>0x68f8</run_address>
         <size>0x10</size>
         <input_file_ref idref="fl-2b"/>
      </object_component>
      <object_component id="oc-ce">
         <name>.const:.string</name>
         <load_address>0x6908</load_address>
         <run_address>0x6908</run_address>
         <size>0x4</size>
         <input_file_ref idref="fl-30"/>
      </object_component>
      <object_component id="oc-c5">
         <name>.const</name>
         <load_address>0x690c</load_address>
         <run_address>0x690c</run_address>
         <size>0x4</size>
         <input_file_ref idref="fl-2e"/>
      </object_component>
      <object_component id="oc-134">
         <name>.sysmem</name>
         <uninitialized>true</uninitialized>
         <run_address>0x30c0</run_address>
         <size>0x0</size>
         <input_file_ref idref="fl-47"/>
      </object_component>
      <object_component id="oc-15a">
         <name>.sysmem</name>
         <uninitialized>true</uninitialized>
         <run_address>0x30c0</run_address>
         <size>0x0</size>
      </object_component>
      <object_component id="oc-e0">
         <name>.cinit</name>
         <load_address>0x40240</load_address>
         <run_address>0x40240</run_address>
         <size>0x5a</size>
         <input_file_ref idref="fl-34"/>
      </object_component>
      <object_component id="oc-27">
         <name>.cinit</name>
         <load_address>0x4029a</load_address>
         <run_address>0x4029a</run_address>
         <size>0x58</size>
         <input_file_ref idref="fl-5"/>
      </object_component>
      <object_component id="oc-b5">
         <name>.cinit</name>
         <load_address>0x402f2</load_address>
         <run_address>0x402f2</run_address>
         <size>0x54</size>
         <input_file_ref idref="fl-2a"/>
      </object_component>
      <object_component id="oc-3d">
         <name>.cinit</name>
         <load_address>0x40346</load_address>
         <run_address>0x40346</run_address>
         <size>0x18</size>
         <input_file_ref idref="fl-11"/>
      </object_component>
      <object_component id="oc-98">
         <name>.cinit</name>
         <load_address>0x4035e</load_address>
         <run_address>0x4035e</run_address>
         <size>0x14</size>
         <input_file_ref idref="fl-23"/>
      </object_component>
      <object_component id="oc-7d">
         <name>.cinit</name>
         <load_address>0x40372</load_address>
         <run_address>0x40372</run_address>
         <size>0x14</size>
         <input_file_ref idref="fl-1d"/>
      </object_component>
      <object_component id="oc-68">
         <name>.cinit</name>
         <load_address>0x40386</load_address>
         <run_address>0x40386</run_address>
         <size>0x10</size>
         <input_file_ref idref="fl-19"/>
      </object_component>
      <object_component id="oc-12d">
         <name>.cinit</name>
         <load_address>0x40396</load_address>
         <run_address>0x40396</run_address>
         <size>0x8</size>
         <input_file_ref idref="fl-46"/>
      </object_component>
      <object_component id="oc-133">
         <name>.cinit</name>
         <load_address>0x4039e</load_address>
         <run_address>0x4039e</run_address>
         <size>0x8</size>
         <input_file_ref idref="fl-47"/>
      </object_component>
      <object_component id="oc-106">
         <name>.cio</name>
         <uninitialized>true</uninitialized>
         <run_address>0x40000</run_address>
         <size>0x240</size>
         <input_file_ref idref="fl-3d"/>
      </object_component>
      <object_component id="oc-52">
         <name>vectors</name>
         <load_address>0x4fe00</load_address>
         <run_address>0x4fe00</run_address>
         <size>0x100</size>
         <input_file_ref idref="fl-15"/>
      </object_component>
      <object_component id="oc-11">
         <name>vectors</name>
         <load_address>0x4ff00</load_address>
         <run_address>0x4ff00</run_address>
         <size>0x100</size>
         <input_file_ref idref="fl-22"/>
      </object_component>
      <object_component id="oc-14">
         <name>.debug_info</name>
         <load_address>0x0</load_address>
         <run_address>0x0</run_address>
         <size>0xc5b</size>
         <input_file_ref idref="fl-2"/>
      </object_component>
      <object_component id="oc-19">
         <name>.debug_info</name>
         <load_address>0xc5b</load_address>
         <run_address>0xc5b</run_address>
         <size>0x1bb2</size>
         <input_file_ref idref="fl-3"/>
      </object_component>
      <object_component id="oc-20">
         <name>.debug_info</name>
         <load_address>0x280d</load_address>
         <run_address>0x280d</run_address>
         <size>0x1045</size>
         <input_file_ref idref="fl-4"/>
      </object_component>
      <object_component id="oc-26">
         <name>.debug_info</name>
         <load_address>0x3852</load_address>
         <run_address>0x3852</run_address>
         <size>0x4ad</size>
         <input_file_ref idref="fl-5"/>
      </object_component>
      <object_component id="oc-2a">
         <name>.debug_info</name>
         <load_address>0x3cff</load_address>
         <run_address>0x3cff</run_address>
         <size>0x87c</size>
         <input_file_ref idref="fl-6"/>
      </object_component>
      <object_component id="oc-30">
         <name>.debug_info</name>
         <load_address>0x457b</load_address>
         <run_address>0x457b</run_address>
         <size>0xa1d</size>
         <input_file_ref idref="fl-7"/>
      </object_component>
      <object_component id="oc-36">
         <name>.debug_info</name>
         <load_address>0x4f98</load_address>
         <run_address>0x4f98</run_address>
         <size>0x7a6</size>
         <input_file_ref idref="fl-8"/>
      </object_component>
      <object_component id="oc-3c">
         <name>.debug_info</name>
         <load_address>0x573e</load_address>
         <run_address>0x573e</run_address>
         <size>0x6384</size>
         <input_file_ref idref="fl-11"/>
      </object_component>
      <object_component id="oc-43">
         <name>.debug_info</name>
         <load_address>0xbac2</load_address>
         <run_address>0xbac2</run_address>
         <size>0x6979</size>
         <input_file_ref idref="fl-12"/>
      </object_component>
      <object_component id="oc-48">
         <name>.debug_info</name>
         <load_address>0x1243b</load_address>
         <run_address>0x1243b</run_address>
         <size>0x65d7</size>
         <input_file_ref idref="fl-13"/>
      </object_component>
      <object_component id="oc-4d">
         <name>.debug_info</name>
         <load_address>0x18a12</load_address>
         <run_address>0x18a12</run_address>
         <size>0x5896</size>
         <input_file_ref idref="fl-14"/>
      </object_component>
      <object_component id="oc-53">
         <name>.debug_info</name>
         <load_address>0x1e2a8</load_address>
         <run_address>0x1e2a8</run_address>
         <size>0x1a4</size>
         <input_file_ref idref="fl-15"/>
      </object_component>
      <object_component id="oc-57">
         <name>.debug_info</name>
         <load_address>0x1e44c</load_address>
         <run_address>0x1e44c</run_address>
         <size>0x6ebb</size>
         <input_file_ref idref="fl-16"/>
      </object_component>
      <object_component id="oc-5c">
         <name>.debug_info</name>
         <load_address>0x25307</load_address>
         <run_address>0x25307</run_address>
         <size>0x18e</size>
         <input_file_ref idref="fl-17"/>
      </object_component>
      <object_component id="oc-61">
         <name>.debug_info</name>
         <load_address>0x25495</load_address>
         <run_address>0x25495</run_address>
         <size>0x6f61</size>
         <input_file_ref idref="fl-18"/>
      </object_component>
      <object_component id="oc-67">
         <name>.debug_info</name>
         <load_address>0x2c3f6</load_address>
         <run_address>0x2c3f6</run_address>
         <size>0x710f</size>
         <input_file_ref idref="fl-19"/>
      </object_component>
      <object_component id="oc-6e">
         <name>.debug_info</name>
         <load_address>0x33505</load_address>
         <run_address>0x33505</run_address>
         <size>0x7424</size>
         <input_file_ref idref="fl-1a"/>
      </object_component>
      <object_component id="oc-73">
         <name>.debug_info</name>
         <load_address>0x3a929</load_address>
         <run_address>0x3a929</run_address>
         <size>0xe8</size>
         <input_file_ref idref="fl-1b"/>
      </object_component>
      <object_component id="oc-77">
         <name>.debug_info</name>
         <load_address>0x3aa11</load_address>
         <run_address>0x3aa11</run_address>
         <size>0x534</size>
         <input_file_ref idref="fl-1c"/>
      </object_component>
      <object_component id="oc-7c">
         <name>.debug_info</name>
         <load_address>0x3af45</load_address>
         <run_address>0x3af45</run_address>
         <size>0x5fb</size>
         <input_file_ref idref="fl-1d"/>
      </object_component>
      <object_component id="oc-82">
         <name>.debug_info</name>
         <load_address>0x3b540</load_address>
         <run_address>0x3b540</run_address>
         <size>0xeb</size>
         <input_file_ref idref="fl-1e"/>
      </object_component>
      <object_component id="oc-86">
         <name>.debug_info</name>
         <load_address>0x3b62b</load_address>
         <run_address>0x3b62b</run_address>
         <size>0xbd</size>
         <input_file_ref idref="fl-1f"/>
      </object_component>
      <object_component id="oc-8a">
         <name>.debug_info</name>
         <load_address>0x3b6e8</load_address>
         <run_address>0x3b6e8</run_address>
         <size>0x76c</size>
         <input_file_ref idref="fl-20"/>
      </object_component>
      <object_component id="oc-8e">
         <name>.debug_info</name>
         <load_address>0x3be54</load_address>
         <run_address>0x3be54</run_address>
         <size>0x534</size>
         <input_file_ref idref="fl-21"/>
      </object_component>
      <object_component id="oc-92">
         <name>.debug_info</name>
         <load_address>0x3c388</load_address>
         <run_address>0x3c388</run_address>
         <size>0xbc</size>
         <input_file_ref idref="fl-22"/>
      </object_component>
      <object_component id="oc-97">
         <name>.debug_info</name>
         <load_address>0x3c444</load_address>
         <run_address>0x3c444</run_address>
         <size>0x5bc</size>
         <input_file_ref idref="fl-23"/>
      </object_component>
      <object_component id="oc-9c">
         <name>.debug_info</name>
         <load_address>0x3ca00</load_address>
         <run_address>0x3ca00</run_address>
         <size>0x27bd</size>
         <input_file_ref idref="fl-24"/>
      </object_component>
      <object_component id="oc-a2">
         <name>.debug_info</name>
         <load_address>0x3f1bd</load_address>
         <run_address>0x3f1bd</run_address>
         <size>0x586</size>
         <input_file_ref idref="fl-25"/>
      </object_component>
      <object_component id="oc-a6">
         <name>.debug_info</name>
         <load_address>0x3f743</load_address>
         <run_address>0x3f743</run_address>
         <size>0x5a4</size>
         <input_file_ref idref="fl-26"/>
      </object_component>
      <object_component id="oc-aa">
         <name>.debug_info</name>
         <load_address>0x3fce7</load_address>
         <run_address>0x3fce7</run_address>
         <size>0xcd</size>
         <input_file_ref idref="fl-27"/>
      </object_component>
      <object_component id="oc-ae">
         <name>.debug_info</name>
         <load_address>0x3fdb4</load_address>
         <run_address>0x3fdb4</run_address>
         <size>0x81f</size>
         <input_file_ref idref="fl-28"/>
      </object_component>
      <object_component id="oc-b1">
         <name>.debug_info</name>
         <load_address>0x405d3</load_address>
         <run_address>0x405d3</run_address>
         <size>0x498</size>
         <input_file_ref idref="fl-29"/>
      </object_component>
      <object_component id="oc-b4">
         <name>.debug_info</name>
         <load_address>0x40a6b</load_address>
         <run_address>0x40a6b</run_address>
         <size>0x57e</size>
         <input_file_ref idref="fl-2a"/>
      </object_component>
      <object_component id="oc-b8">
         <name>.debug_info</name>
         <load_address>0x40fe9</load_address>
         <run_address>0x40fe9</run_address>
         <size>0x7e8</size>
         <input_file_ref idref="fl-2b"/>
      </object_component>
      <object_component id="oc-bc">
         <name>.debug_info</name>
         <load_address>0x417d1</load_address>
         <run_address>0x417d1</run_address>
         <size>0x4cf</size>
         <input_file_ref idref="fl-2c"/>
      </object_component>
      <object_component id="oc-c0">
         <name>.debug_info</name>
         <load_address>0x41ca0</load_address>
         <run_address>0x41ca0</run_address>
         <size>0x534</size>
         <input_file_ref idref="fl-2d"/>
      </object_component>
      <object_component id="oc-c4">
         <name>.debug_info</name>
         <load_address>0x421d4</load_address>
         <run_address>0x421d4</run_address>
         <size>0x549</size>
         <input_file_ref idref="fl-2e"/>
      </object_component>
      <object_component id="oc-c9">
         <name>.debug_info</name>
         <load_address>0x4271d</load_address>
         <run_address>0x4271d</run_address>
         <size>0x6aa</size>
         <input_file_ref idref="fl-2f"/>
      </object_component>
      <object_component id="oc-cd">
         <name>.debug_info</name>
         <load_address>0x42dc7</load_address>
         <run_address>0x42dc7</run_address>
         <size>0x942</size>
         <input_file_ref idref="fl-30"/>
      </object_component>
      <object_component id="oc-d2">
         <name>.debug_info</name>
         <load_address>0x43709</load_address>
         <run_address>0x43709</run_address>
         <size>0x53e</size>
         <input_file_ref idref="fl-31"/>
      </object_component>
      <object_component id="oc-d6">
         <name>.debug_info</name>
         <load_address>0x43c47</load_address>
         <run_address>0x43c47</run_address>
         <size>0x680</size>
         <input_file_ref idref="fl-32"/>
      </object_component>
      <object_component id="oc-da">
         <name>.debug_info</name>
         <load_address>0x442c7</load_address>
         <run_address>0x442c7</run_address>
         <size>0x7d4</size>
         <input_file_ref idref="fl-33"/>
      </object_component>
      <object_component id="oc-df">
         <name>.debug_info</name>
         <load_address>0x44a9b</load_address>
         <run_address>0x44a9b</run_address>
         <size>0x144b</size>
         <input_file_ref idref="fl-34"/>
      </object_component>
      <object_component id="oc-e4">
         <name>.debug_info</name>
         <load_address>0x45ee6</load_address>
         <run_address>0x45ee6</run_address>
         <size>0x5ad</size>
         <input_file_ref idref="fl-35"/>
      </object_component>
      <object_component id="oc-e8">
         <name>.debug_info</name>
         <load_address>0x46493</load_address>
         <run_address>0x46493</run_address>
         <size>0x574</size>
         <input_file_ref idref="fl-36"/>
      </object_component>
      <object_component id="oc-ec">
         <name>.debug_info</name>
         <load_address>0x46a07</load_address>
         <run_address>0x46a07</run_address>
         <size>0xd1</size>
         <input_file_ref idref="fl-37"/>
      </object_component>
      <object_component id="oc-f0">
         <name>.debug_info</name>
         <load_address>0x46ad8</load_address>
         <run_address>0x46ad8</run_address>
         <size>0x55b</size>
         <input_file_ref idref="fl-38"/>
      </object_component>
      <object_component id="oc-f4">
         <name>.debug_info</name>
         <load_address>0x47033</load_address>
         <run_address>0x47033</run_address>
         <size>0x4b7</size>
         <input_file_ref idref="fl-39"/>
      </object_component>
      <object_component id="oc-f8">
         <name>.debug_info</name>
         <load_address>0x474ea</load_address>
         <run_address>0x474ea</run_address>
         <size>0x4f2</size>
         <input_file_ref idref="fl-3a"/>
      </object_component>
      <object_component id="oc-fc">
         <name>.debug_info</name>
         <load_address>0x479dc</load_address>
         <run_address>0x479dc</run_address>
         <size>0x4de</size>
         <input_file_ref idref="fl-3b"/>
      </object_component>
      <object_component id="oc-101">
         <name>.debug_info</name>
         <load_address>0x47eba</load_address>
         <run_address>0x47eba</run_address>
         <size>0xed4</size>
         <input_file_ref idref="fl-3c"/>
      </object_component>
      <object_component id="oc-105">
         <name>.debug_info</name>
         <load_address>0x48d8e</load_address>
         <run_address>0x48d8e</run_address>
         <size>0x744</size>
         <input_file_ref idref="fl-3d"/>
      </object_component>
      <object_component id="oc-10b">
         <name>.debug_info</name>
         <load_address>0x494d2</load_address>
         <run_address>0x494d2</run_address>
         <size>0xef</size>
         <input_file_ref idref="fl-3e"/>
      </object_component>
      <object_component id="oc-10f">
         <name>.debug_info</name>
         <load_address>0x495c1</load_address>
         <run_address>0x495c1</run_address>
         <size>0x662</size>
         <input_file_ref idref="fl-3f"/>
      </object_component>
      <object_component id="oc-113">
         <name>.debug_info</name>
         <load_address>0x49c23</load_address>
         <run_address>0x49c23</run_address>
         <size>0x5ab</size>
         <input_file_ref idref="fl-40"/>
      </object_component>
      <object_component id="oc-117">
         <name>.debug_info</name>
         <load_address>0x4a1ce</load_address>
         <run_address>0x4a1ce</run_address>
         <size>0x4f2</size>
         <input_file_ref idref="fl-41"/>
      </object_component>
      <object_component id="oc-11b">
         <name>.debug_info</name>
         <load_address>0x4a6c0</load_address>
         <run_address>0x4a6c0</run_address>
         <size>0x706</size>
         <input_file_ref idref="fl-42"/>
      </object_component>
      <object_component id="oc-11f">
         <name>.debug_info</name>
         <load_address>0x4adc6</load_address>
         <run_address>0x4adc6</run_address>
         <size>0x4d2</size>
         <input_file_ref idref="fl-43"/>
      </object_component>
      <object_component id="oc-123">
         <name>.debug_info</name>
         <load_address>0x4b298</load_address>
         <run_address>0x4b298</run_address>
         <size>0x5f7</size>
         <input_file_ref idref="fl-44"/>
      </object_component>
      <object_component id="oc-127">
         <name>.debug_info</name>
         <load_address>0x4b88f</load_address>
         <run_address>0x4b88f</run_address>
         <size>0x64a</size>
         <input_file_ref idref="fl-45"/>
      </object_component>
      <object_component id="oc-12c">
         <name>.debug_info</name>
         <load_address>0x4bed9</load_address>
         <run_address>0x4bed9</run_address>
         <size>0xa1c</size>
         <input_file_ref idref="fl-46"/>
      </object_component>
      <object_component id="oc-132">
         <name>.debug_info</name>
         <load_address>0x4c8f5</load_address>
         <run_address>0x4c8f5</run_address>
         <size>0xb97</size>
         <input_file_ref idref="fl-47"/>
      </object_component>
      <object_component id="oc-138">
         <name>.debug_info</name>
         <load_address>0x4d48c</load_address>
         <run_address>0x4d48c</run_address>
         <size>0x64f</size>
         <input_file_ref idref="fl-48"/>
      </object_component>
      <object_component id="oc-13c">
         <name>.debug_info</name>
         <load_address>0x4dadb</load_address>
         <run_address>0x4dadb</run_address>
         <size>0x510</size>
         <input_file_ref idref="fl-49"/>
      </object_component>
      <object_component id="oc-162">
         <name>.debug_info</name>
         <load_address>0x4dfeb</load_address>
         <run_address>0x4dfeb</run_address>
         <size>0x6e</size>
      </object_component>
      <object_component id="oc-15">
         <name>.debug_frame</name>
         <load_address>0x0</load_address>
         <run_address>0x0</run_address>
         <size>0x171</size>
         <input_file_ref idref="fl-2"/>
      </object_component>
      <object_component id="oc-1b">
         <name>.debug_frame</name>
         <load_address>0x171</load_address>
         <run_address>0x171</run_address>
         <size>0x121</size>
         <input_file_ref idref="fl-3"/>
      </object_component>
      <object_component id="oc-22">
         <name>.debug_frame</name>
         <load_address>0x292</load_address>
         <run_address>0x292</run_address>
         <size>0x16a</size>
         <input_file_ref idref="fl-4"/>
      </object_component>
      <object_component id="oc-2b">
         <name>.debug_frame</name>
         <load_address>0x3fc</load_address>
         <run_address>0x3fc</run_address>
         <size>0x102</size>
         <input_file_ref idref="fl-6"/>
      </object_component>
      <object_component id="oc-32">
         <name>.debug_frame</name>
         <load_address>0x4fe</load_address>
         <run_address>0x4fe</run_address>
         <size>0xfe</size>
         <input_file_ref idref="fl-7"/>
      </object_component>
      <object_component id="oc-37">
         <name>.debug_frame</name>
         <load_address>0x5fc</load_address>
         <run_address>0x5fc</run_address>
         <size>0x100</size>
         <input_file_ref idref="fl-8"/>
      </object_component>
      <object_component id="oc-3e">
         <name>.debug_frame</name>
         <load_address>0x6fc</load_address>
         <run_address>0x6fc</run_address>
         <size>0x102</size>
         <input_file_ref idref="fl-11"/>
      </object_component>
      <object_component id="oc-44">
         <name>.debug_frame</name>
         <load_address>0x7fe</load_address>
         <run_address>0x7fe</run_address>
         <size>0x171</size>
         <input_file_ref idref="fl-12"/>
      </object_component>
      <object_component id="oc-49">
         <name>.debug_frame</name>
         <load_address>0x96f</load_address>
         <run_address>0x96f</run_address>
         <size>0x138</size>
         <input_file_ref idref="fl-13"/>
      </object_component>
      <object_component id="oc-4e">
         <name>.debug_frame</name>
         <load_address>0xaa7</load_address>
         <run_address>0xaa7</run_address>
         <size>0x116</size>
         <input_file_ref idref="fl-14"/>
      </object_component>
      <object_component id="oc-58">
         <name>.debug_frame</name>
         <load_address>0xbbd</load_address>
         <run_address>0xbbd</run_address>
         <size>0x272</size>
         <input_file_ref idref="fl-16"/>
      </object_component>
      <object_component id="oc-62">
         <name>.debug_frame</name>
         <load_address>0xe2f</load_address>
         <run_address>0xe2f</run_address>
         <size>0x2a1</size>
         <input_file_ref idref="fl-18"/>
      </object_component>
      <object_component id="oc-69">
         <name>.debug_frame</name>
         <load_address>0x10d0</load_address>
         <run_address>0x10d0</run_address>
         <size>0x197</size>
         <input_file_ref idref="fl-19"/>
      </object_component>
      <object_component id="oc-6f">
         <name>.debug_frame</name>
         <load_address>0x1267</load_address>
         <run_address>0x1267</run_address>
         <size>0x1ef</size>
         <input_file_ref idref="fl-1a"/>
      </object_component>
      <object_component id="oc-16">
         <name>.debug_line</name>
         <load_address>0x0</load_address>
         <run_address>0x0</run_address>
         <size>0xd0</size>
         <input_file_ref idref="fl-2"/>
      </object_component>
      <object_component id="oc-1c">
         <name>.debug_line</name>
         <load_address>0xd0</load_address>
         <run_address>0xd0</run_address>
         <size>0x253</size>
         <input_file_ref idref="fl-3"/>
      </object_component>
      <object_component id="oc-23">
         <name>.debug_line</name>
         <load_address>0x323</load_address>
         <run_address>0x323</run_address>
         <size>0x198</size>
         <input_file_ref idref="fl-4"/>
      </object_component>
      <object_component id="oc-2c">
         <name>.debug_line</name>
         <load_address>0x4bb</load_address>
         <run_address>0x4bb</run_address>
         <size>0xa3</size>
         <input_file_ref idref="fl-6"/>
      </object_component>
      <object_component id="oc-33">
         <name>.debug_line</name>
         <load_address>0x55e</load_address>
         <run_address>0x55e</run_address>
         <size>0x94</size>
         <input_file_ref idref="fl-7"/>
      </object_component>
      <object_component id="oc-38">
         <name>.debug_line</name>
         <load_address>0x5f2</load_address>
         <run_address>0x5f2</run_address>
         <size>0x8c</size>
         <input_file_ref idref="fl-8"/>
      </object_component>
      <object_component id="oc-3f">
         <name>.debug_line</name>
         <load_address>0x67e</load_address>
         <run_address>0x67e</run_address>
         <size>0x66e</size>
         <input_file_ref idref="fl-11"/>
      </object_component>
      <object_component id="oc-45">
         <name>.debug_line</name>
         <load_address>0xcec</load_address>
         <run_address>0xcec</run_address>
         <size>0x69c</size>
         <input_file_ref idref="fl-12"/>
      </object_component>
      <object_component id="oc-4a">
         <name>.debug_line</name>
         <load_address>0x1388</load_address>
         <run_address>0x1388</run_address>
         <size>0x659</size>
         <input_file_ref idref="fl-13"/>
      </object_component>
      <object_component id="oc-4f">
         <name>.debug_line</name>
         <load_address>0x19e1</load_address>
         <run_address>0x19e1</run_address>
         <size>0x59c</size>
         <input_file_ref idref="fl-14"/>
      </object_component>
      <object_component id="oc-54">
         <name>.debug_line</name>
         <load_address>0x1f7d</load_address>
         <run_address>0x1f7d</run_address>
         <size>0xa8</size>
         <input_file_ref idref="fl-15"/>
      </object_component>
      <object_component id="oc-59">
         <name>.debug_line</name>
         <load_address>0x2025</load_address>
         <run_address>0x2025</run_address>
         <size>0x94b</size>
         <input_file_ref idref="fl-16"/>
      </object_component>
      <object_component id="oc-5d">
         <name>.debug_line</name>
         <load_address>0x2970</load_address>
         <run_address>0x2970</run_address>
         <size>0xab</size>
         <input_file_ref idref="fl-17"/>
      </object_component>
      <object_component id="oc-63">
         <name>.debug_line</name>
         <load_address>0x2a1b</load_address>
         <run_address>0x2a1b</run_address>
         <size>0x83c</size>
         <input_file_ref idref="fl-18"/>
      </object_component>
      <object_component id="oc-6a">
         <name>.debug_line</name>
         <load_address>0x3257</load_address>
         <run_address>0x3257</run_address>
         <size>0x94c</size>
         <input_file_ref idref="fl-19"/>
      </object_component>
      <object_component id="oc-70">
         <name>.debug_line</name>
         <load_address>0x3ba3</load_address>
         <run_address>0x3ba3</run_address>
         <size>0x96d</size>
         <input_file_ref idref="fl-1a"/>
      </object_component>
      <object_component id="oc-74">
         <name>.debug_line</name>
         <load_address>0x4510</load_address>
         <run_address>0x4510</run_address>
         <size>0x54</size>
         <input_file_ref idref="fl-1b"/>
      </object_component>
      <object_component id="oc-78">
         <name>.debug_line</name>
         <load_address>0x4564</load_address>
         <run_address>0x4564</run_address>
         <size>0x44</size>
         <input_file_ref idref="fl-1c"/>
      </object_component>
      <object_component id="oc-7f">
         <name>.debug_line</name>
         <load_address>0x45a8</load_address>
         <run_address>0x45a8</run_address>
         <size>0x51</size>
         <input_file_ref idref="fl-1d"/>
      </object_component>
      <object_component id="oc-83">
         <name>.debug_line</name>
         <load_address>0x45f9</load_address>
         <run_address>0x45f9</run_address>
         <size>0x5c</size>
         <input_file_ref idref="fl-1e"/>
      </object_component>
      <object_component id="oc-87">
         <name>.debug_line</name>
         <load_address>0x4655</load_address>
         <run_address>0x4655</run_address>
         <size>0x3c</size>
         <input_file_ref idref="fl-1f"/>
      </object_component>
      <object_component id="oc-8b">
         <name>.debug_line</name>
         <load_address>0x4691</load_address>
         <run_address>0x4691</run_address>
         <size>0x69</size>
         <input_file_ref idref="fl-20"/>
      </object_component>
      <object_component id="oc-8f">
         <name>.debug_line</name>
         <load_address>0x46fa</load_address>
         <run_address>0x46fa</run_address>
         <size>0x44</size>
         <input_file_ref idref="fl-21"/>
      </object_component>
      <object_component id="oc-93">
         <name>.debug_line</name>
         <load_address>0x473e</load_address>
         <run_address>0x473e</run_address>
         <size>0x37</size>
         <input_file_ref idref="fl-22"/>
      </object_component>
      <object_component id="oc-99">
         <name>.debug_line</name>
         <load_address>0x4775</load_address>
         <run_address>0x4775</run_address>
         <size>0x57</size>
         <input_file_ref idref="fl-23"/>
      </object_component>
      <object_component id="oc-9f">
         <name>.debug_line</name>
         <load_address>0x47cc</load_address>
         <run_address>0x47cc</run_address>
         <size>0x328</size>
         <input_file_ref idref="fl-24"/>
      </object_component>
      <object_component id="oc-a3">
         <name>.debug_line</name>
         <load_address>0x4af4</load_address>
         <run_address>0x4af4</run_address>
         <size>0x41</size>
         <input_file_ref idref="fl-25"/>
      </object_component>
      <object_component id="oc-a7">
         <name>.debug_line</name>
         <load_address>0x4b35</load_address>
         <run_address>0x4b35</run_address>
         <size>0x46</size>
         <input_file_ref idref="fl-26"/>
      </object_component>
      <object_component id="oc-ab">
         <name>.debug_line</name>
         <load_address>0x4b7b</load_address>
         <run_address>0x4b7b</run_address>
         <size>0x55</size>
         <input_file_ref idref="fl-27"/>
      </object_component>
      <object_component id="oc-af">
         <name>.debug_line</name>
         <load_address>0x4bd0</load_address>
         <run_address>0x4bd0</run_address>
         <size>0xad</size>
         <input_file_ref idref="fl-28"/>
      </object_component>
      <object_component id="oc-b9">
         <name>.debug_line</name>
         <load_address>0x4c7d</load_address>
         <run_address>0x4c7d</run_address>
         <size>0x5b</size>
         <input_file_ref idref="fl-2b"/>
      </object_component>
      <object_component id="oc-bd">
         <name>.debug_line</name>
         <load_address>0x4cd8</load_address>
         <run_address>0x4cd8</run_address>
         <size>0x3d</size>
         <input_file_ref idref="fl-2c"/>
      </object_component>
      <object_component id="oc-c1">
         <name>.debug_line</name>
         <load_address>0x4d15</load_address>
         <run_address>0x4d15</run_address>
         <size>0x3d</size>
         <input_file_ref idref="fl-2d"/>
      </object_component>
      <object_component id="oc-c6">
         <name>.debug_line</name>
         <load_address>0x4d52</load_address>
         <run_address>0x4d52</run_address>
         <size>0x44</size>
         <input_file_ref idref="fl-2e"/>
      </object_component>
      <object_component id="oc-ca">
         <name>.debug_line</name>
         <load_address>0x4d96</load_address>
         <run_address>0x4d96</run_address>
         <size>0x56</size>
         <input_file_ref idref="fl-2f"/>
      </object_component>
      <object_component id="oc-cf">
         <name>.debug_line</name>
         <load_address>0x4dec</load_address>
         <run_address>0x4dec</run_address>
         <size>0xa8</size>
         <input_file_ref idref="fl-30"/>
      </object_component>
      <object_component id="oc-d3">
         <name>.debug_line</name>
         <load_address>0x4e94</load_address>
         <run_address>0x4e94</run_address>
         <size>0x40</size>
         <input_file_ref idref="fl-31"/>
      </object_component>
      <object_component id="oc-d7">
         <name>.debug_line</name>
         <load_address>0x4ed4</load_address>
         <run_address>0x4ed4</run_address>
         <size>0x38</size>
         <input_file_ref idref="fl-32"/>
      </object_component>
      <object_component id="oc-db">
         <name>.debug_line</name>
         <load_address>0x4f0c</load_address>
         <run_address>0x4f0c</run_address>
         <size>0xa8</size>
         <input_file_ref idref="fl-33"/>
      </object_component>
      <object_component id="oc-e1">
         <name>.debug_line</name>
         <load_address>0x4fb4</load_address>
         <run_address>0x4fb4</run_address>
         <size>0x1b0</size>
         <input_file_ref idref="fl-34"/>
      </object_component>
      <object_component id="oc-e5">
         <name>.debug_line</name>
         <load_address>0x5164</load_address>
         <run_address>0x5164</run_address>
         <size>0x40</size>
         <input_file_ref idref="fl-35"/>
      </object_component>
      <object_component id="oc-e9">
         <name>.debug_line</name>
         <load_address>0x51a4</load_address>
         <run_address>0x51a4</run_address>
         <size>0x3c</size>
         <input_file_ref idref="fl-36"/>
      </object_component>
      <object_component id="oc-ed">
         <name>.debug_line</name>
         <load_address>0x51e0</load_address>
         <run_address>0x51e0</run_address>
         <size>0x4d</size>
         <input_file_ref idref="fl-37"/>
      </object_component>
      <object_component id="oc-f1">
         <name>.debug_line</name>
         <load_address>0x522d</load_address>
         <run_address>0x522d</run_address>
         <size>0x3c</size>
         <input_file_ref idref="fl-38"/>
      </object_component>
      <object_component id="oc-f5">
         <name>.debug_line</name>
         <load_address>0x5269</load_address>
         <run_address>0x5269</run_address>
         <size>0x37</size>
         <input_file_ref idref="fl-39"/>
      </object_component>
      <object_component id="oc-f9">
         <name>.debug_line</name>
         <load_address>0x52a0</load_address>
         <run_address>0x52a0</run_address>
         <size>0x3c</size>
         <input_file_ref idref="fl-3a"/>
      </object_component>
      <object_component id="oc-fd">
         <name>.debug_line</name>
         <load_address>0x52dc</load_address>
         <run_address>0x52dc</run_address>
         <size>0x37</size>
         <input_file_ref idref="fl-3b"/>
      </object_component>
      <object_component id="oc-102">
         <name>.debug_line</name>
         <load_address>0x5313</load_address>
         <run_address>0x5313</run_address>
         <size>0x15d</size>
         <input_file_ref idref="fl-3c"/>
      </object_component>
      <object_component id="oc-108">
         <name>.debug_line</name>
         <load_address>0x5470</load_address>
         <run_address>0x5470</run_address>
         <size>0x6a</size>
         <input_file_ref idref="fl-3d"/>
      </object_component>
      <object_component id="oc-10c">
         <name>.debug_line</name>
         <load_address>0x54da</load_address>
         <run_address>0x54da</run_address>
         <size>0x58</size>
         <input_file_ref idref="fl-3e"/>
      </object_component>
      <object_component id="oc-110">
         <name>.debug_line</name>
         <load_address>0x5532</load_address>
         <run_address>0x5532</run_address>
         <size>0x57</size>
         <input_file_ref idref="fl-3f"/>
      </object_component>
      <object_component id="oc-114">
         <name>.debug_line</name>
         <load_address>0x5589</load_address>
         <run_address>0x5589</run_address>
         <size>0x5c</size>
         <input_file_ref idref="fl-40"/>
      </object_component>
      <object_component id="oc-118">
         <name>.debug_line</name>
         <load_address>0x55e5</load_address>
         <run_address>0x55e5</run_address>
         <size>0x3c</size>
         <input_file_ref idref="fl-41"/>
      </object_component>
      <object_component id="oc-11c">
         <name>.debug_line</name>
         <load_address>0x5621</load_address>
         <run_address>0x5621</run_address>
         <size>0x5b</size>
         <input_file_ref idref="fl-42"/>
      </object_component>
      <object_component id="oc-120">
         <name>.debug_line</name>
         <load_address>0x567c</load_address>
         <run_address>0x567c</run_address>
         <size>0x3a</size>
         <input_file_ref idref="fl-43"/>
      </object_component>
      <object_component id="oc-124">
         <name>.debug_line</name>
         <load_address>0x56b6</load_address>
         <run_address>0x56b6</run_address>
         <size>0x3c</size>
         <input_file_ref idref="fl-44"/>
      </object_component>
      <object_component id="oc-128">
         <name>.debug_line</name>
         <load_address>0x56f2</load_address>
         <run_address>0x56f2</run_address>
         <size>0x3f</size>
         <input_file_ref idref="fl-45"/>
      </object_component>
      <object_component id="oc-12e">
         <name>.debug_line</name>
         <load_address>0x5731</load_address>
         <run_address>0x5731</run_address>
         <size>0xd7</size>
         <input_file_ref idref="fl-46"/>
      </object_component>
      <object_component id="oc-135">
         <name>.debug_line</name>
         <load_address>0x5808</load_address>
         <run_address>0x5808</run_address>
         <size>0x112</size>
         <input_file_ref idref="fl-47"/>
      </object_component>
      <object_component id="oc-139">
         <name>.debug_line</name>
         <load_address>0x591a</load_address>
         <run_address>0x591a</run_address>
         <size>0x3d</size>
         <input_file_ref idref="fl-48"/>
      </object_component>
      <object_component id="oc-13d">
         <name>.debug_line</name>
         <load_address>0x5957</load_address>
         <run_address>0x5957</run_address>
         <size>0x39</size>
         <input_file_ref idref="fl-49"/>
      </object_component>
      <object_component id="oc-17">
         <name>.debug_abbrev</name>
         <load_address>0x0</load_address>
         <run_address>0x0</run_address>
         <size>0x125</size>
         <input_file_ref idref="fl-2"/>
      </object_component>
      <object_component id="oc-1d">
         <name>.debug_abbrev</name>
         <load_address>0x125</load_address>
         <run_address>0x125</run_address>
         <size>0x178</size>
         <input_file_ref idref="fl-3"/>
      </object_component>
      <object_component id="oc-24">
         <name>.debug_abbrev</name>
         <load_address>0x29d</load_address>
         <run_address>0x29d</run_address>
         <size>0x17d</size>
         <input_file_ref idref="fl-4"/>
      </object_component>
      <object_component id="oc-28">
         <name>.debug_abbrev</name>
         <load_address>0x41a</load_address>
         <run_address>0x41a</run_address>
         <size>0x63</size>
         <input_file_ref idref="fl-5"/>
      </object_component>
      <object_component id="oc-2d">
         <name>.debug_abbrev</name>
         <load_address>0x47d</load_address>
         <run_address>0x47d</run_address>
         <size>0xcf</size>
         <input_file_ref idref="fl-6"/>
      </object_component>
      <object_component id="oc-34">
         <name>.debug_abbrev</name>
         <load_address>0x54c</load_address>
         <run_address>0x54c</run_address>
         <size>0x13e</size>
         <input_file_ref idref="fl-7"/>
      </object_component>
      <object_component id="oc-39">
         <name>.debug_abbrev</name>
         <load_address>0x68a</load_address>
         <run_address>0x68a</run_address>
         <size>0xc4</size>
         <input_file_ref idref="fl-8"/>
      </object_component>
      <object_component id="oc-40">
         <name>.debug_abbrev</name>
         <load_address>0x74e</load_address>
         <run_address>0x74e</run_address>
         <size>0x1e0</size>
         <input_file_ref idref="fl-11"/>
      </object_component>
      <object_component id="oc-46">
         <name>.debug_abbrev</name>
         <load_address>0x92e</load_address>
         <run_address>0x92e</run_address>
         <size>0x21f</size>
         <input_file_ref idref="fl-12"/>
      </object_component>
      <object_component id="oc-4b">
         <name>.debug_abbrev</name>
         <load_address>0xb4d</load_address>
         <run_address>0xb4d</run_address>
         <size>0x1db</size>
         <input_file_ref idref="fl-13"/>
      </object_component>
      <object_component id="oc-50">
         <name>.debug_abbrev</name>
         <load_address>0xd28</load_address>
         <run_address>0xd28</run_address>
         <size>0x198</size>
         <input_file_ref idref="fl-14"/>
      </object_component>
      <object_component id="oc-55">
         <name>.debug_abbrev</name>
         <load_address>0xec0</load_address>
         <run_address>0xec0</run_address>
         <size>0x20</size>
         <input_file_ref idref="fl-15"/>
      </object_component>
      <object_component id="oc-5a">
         <name>.debug_abbrev</name>
         <load_address>0xee0</load_address>
         <run_address>0xee0</run_address>
         <size>0x1c4</size>
         <input_file_ref idref="fl-16"/>
      </object_component>
      <object_component id="oc-5e">
         <name>.debug_abbrev</name>
         <load_address>0x10a4</load_address>
         <run_address>0x10a4</run_address>
         <size>0x3a</size>
         <input_file_ref idref="fl-17"/>
      </object_component>
      <object_component id="oc-64">
         <name>.debug_abbrev</name>
         <load_address>0x10de</load_address>
         <run_address>0x10de</run_address>
         <size>0x263</size>
         <input_file_ref idref="fl-18"/>
      </object_component>
      <object_component id="oc-6b">
         <name>.debug_abbrev</name>
         <load_address>0x1341</load_address>
         <run_address>0x1341</run_address>
         <size>0x237</size>
         <input_file_ref idref="fl-19"/>
      </object_component>
      <object_component id="oc-71">
         <name>.debug_abbrev</name>
         <load_address>0x1578</load_address>
         <run_address>0x1578</run_address>
         <size>0x25d</size>
         <input_file_ref idref="fl-1a"/>
      </object_component>
      <object_component id="oc-75">
         <name>.debug_abbrev</name>
         <load_address>0x17d5</load_address>
         <run_address>0x17d5</run_address>
         <size>0x3a</size>
         <input_file_ref idref="fl-1b"/>
      </object_component>
      <object_component id="oc-79">
         <name>.debug_abbrev</name>
         <load_address>0x180f</load_address>
         <run_address>0x180f</run_address>
         <size>0xb5</size>
         <input_file_ref idref="fl-1c"/>
      </object_component>
      <object_component id="oc-80">
[...]
      </symbol>
      <symbol id="sm-312">
         <name>_I2S_reset</name>
         <value>0x235ef</value>
         <object_component_ref idref="oc-65"/>
      </symbol>
      <symbol id="sm-313">
         <name>_I2S_setup</name>
         <value>0x22e3f</value>
         <object_component_ref idref="oc-65"/>
      </symbol>
      <symbol id="sm-314">
         <name>_fsError</name>
         <value>0x62de</value>
         <object_component_ref idref="oc-66"/>
      </symbol>
      <symbol id="sm-315">
         <name>_I2S_open</name>
         <value>0x22cf8</value>
         <object_component_ref idref="oc-65"/>
      </symbol>
      <symbol id="sm-316">
         <name>_I2S_transEnable</name>
         <value>0x236a0</value>
         <object_component_ref idref="oc-65"/>
      </symbol>
      <symbol id="sm-393">
         <name>_I2C_eventEnable</name>
         <value>0x21ee4</value>
         <object_component_ref idref="oc-6c"/>
      </symbol>
      <symbol id="sm-394">
         <name>_I2C_setCallback</name>
         <value>0x22137</value>
         <object_component_ref idref="oc-6c"/>
      </symbol>
      <symbol id="sm-395">
         <name>_I2C_init</name>
         <value>0x215a4</value>
         <object_component_ref idref="oc-6c"/>
      </symbol>
      <symbol id="sm-396">
         <name>_I2C_config</name>
         <value>0x2164d</value>
         <object_component_ref idref="oc-6c"/>
      </symbol>
      <symbol id="sm-397">
         <name>_gI2cObj</name>
         <value>0x6330</value>
         <object_component_ref idref="oc-6d"/>
      </symbol>
      <symbol id="sm-398">
         <name>_I2C_getConfig</name>
         <value>0x217b2</value>
         <object_component_ref idref="oc-6c"/>
      </symbol>
      <symbol id="sm-399">
         <name>_I2C_setup</name>
         <value>0x21888</value>
         <object_component_ref idref="oc-6c"/>
      </symbol>
      <symbol id="sm-39a">
         <name>_I2C_write</name>
         <value>0x21a82</value>
         <object_component_ref idref="oc-6c"/>
      </symbol>
      <symbol id="sm-39b">
         <name>_I2C_read</name>
         <value>0x21cc6</value>
         <object_component_ref idref="oc-6c"/>
      </symbol>
      <symbol id="sm-39c">
         <name>_I2C_eventDisable</name>
         <value>0x22018</value>
         <object_component_ref idref="oc-6c"/>
      </symbol>
      <symbol id="sm-39d">
         <name>_I2C_getEventId</name>
         <value>0x221c4</value>
         <object_component_ref idref="oc-6c"/>
      </symbol>
      <symbol id="sm-39e">
         <name>_i2cHandle</name>
         <value>0x6350</value>
         <object_component_ref idref="oc-6d"/>
      </symbol>
      <symbol id="sm-3aa">
         <name>__sysstack</name>
         <value>0x20c0</value>
         <object_component_ref idref="oc-13f"/>
      </symbol>
      <symbol id="sm-3ab">
         <name>_c_int00</name>
         <value>0x27735</value>
         <object_component_ref idref="oc-10"/>
      </symbol>
      <symbol id="sm-3ac">
         <name>__stack</name>
         <value>0xc0</value>
         <object_component_ref idref="oc-72"/>
      </symbol>
      <symbol id="sm-3b7">
         <name>__divul</name>
         <value>0x26e28</value>
         <object_component_ref idref="oc-76"/>
      </symbol>
      <symbol id="sm-3c7">
         <name>C$$EXIT</name>
         <value>0x2784e</value>
         <object_component_ref idref="oc-7e"/>
      </symbol>
      <symbol id="sm-3c8">
         <name>_exit</name>
         <value>0x276bb</value>
         <object_component_ref idref="oc-7a"/>
      </symbol>
      <symbol id="sm-3c9">
         <name>_abort</name>
         <value>0x2784d</value>
         <object_component_ref idref="oc-7e"/>
      </symbol>
      <symbol id="sm-3ca">
         <name>__cleanup_ptr</name>
         <value>0x6378</value>
         <object_component_ref idref="oc-7b"/>
      </symbol>
      <symbol id="sm-3cb">
         <name>__dtors_ptr</name>
         <value>0x637c</value>
         <object_component_ref idref="oc-7b"/>
      </symbol>
      <symbol id="sm-3d3">
         <name>__remi</name>
         <value>0x27718</value>
         <object_component_ref idref="oc-81"/>
      </symbol>
      <symbol id="sm-3d4">
         <name>__divi</name>
         <value>0x276f9</value>
         <object_component_ref idref="oc-81"/>
      </symbol>
      <symbol id="sm-3d5">
         <name>I$$MOD</name>
         <value>0x27718</value>
         <object_component_ref idref="oc-81"/>
      </symbol>
      <symbol id="sm-3d6">
         <name>I$$DIV</name>
         <value>0x276f9</value>
         <object_component_ref idref="oc-81"/>
      </symbol>
      <symbol id="sm-3de">
         <name>__mpyli</name>
         <value>0x2780e</value>
         <object_component_ref idref="oc-85"/>
      </symbol>
      <symbol id="sm-3df">
         <name>I$$LMPY</name>
         <value>0x2780e</value>
         <object_component_ref idref="oc-85"/>
      </symbol>
      <symbol id="sm-3e9">
         <name>_printf</name>
         <value>0x27501</value>
         <object_component_ref idref="oc-89"/>
      </symbol>
      <symbol id="sm-3f4">
         <name>__remul</name>
         <value>0x271c4</value>
         <object_component_ref idref="oc-8d"/>
      </symbol>
      <symbol id="sm-3fe">
         <name>_Reset</name>
         <value>0x4ff00</value>
         <object_component_ref idref="oc-11"/>
      </symbol>
      <symbol id="sm-40c">
         <name>__unlock</name>
         <value>0x6374</value>
         <object_component_ref idref="oc-96"/>
      </symbol>
      <symbol id="sm-40d">
         <name>__lock</name>
         <value>0x6370</value>
         <object_component_ref idref="oc-96"/>
      </symbol>
      <symbol id="sm-40e">
         <name>__register_lock</name>
         <value>0x27829</value>
         <object_component_ref idref="oc-95"/>
      </symbol>
      <symbol id="sm-40f">
         <name>__nop</name>
         <value>0x27831</value>
         <object_component_ref idref="oc-95"/>
      </symbol>
      <symbol id="sm-410">
         <name>__register_unlock</name>
         <value>0x27821</value>
         <object_component_ref idref="oc-95"/>
      </symbol>
      <symbol id="sm-422">
         <name>__printfi</name>
         <value>0x21362</value>
         <object_component_ref idref="oc-9b"/>
      </symbol>
      <symbol id="sm-42c">
         <name>__args_main</name>
         <value>0x2759e</value>
         <object_component_ref idref="oc-a1"/>
      </symbol>
      <symbol id="sm-42d">
         <name>__TI_args_main</name>
         <value>0x1</value>
      </symbol>
      <symbol id="sm-437">
         <name>_atoi</name>
         <value>0x27451</value>
         <object_component_ref idref="oc-a5"/>
      </symbol>
      <symbol id="sm-43f">
         <name>_auto_init</name>
         <value>0x27551</value>
         <object_component_ref idref="oc-a9"/>
      </symbol>
      <symbol id="sm-449">
         <name>__eqld</name>
         <value>0x26090</value>
         <object_component_ref idref="oc-ad"/>
      </symbol>
      <symbol id="sm-44a">
         <name>__cmpd</name>
         <value>0x260c4</value>
         <object_component_ref idref="oc-ad"/>
      </symbol>
      <symbol id="sm-44b">
         <name>__neqd</name>
         <value>0x25f32</value>
         <object_component_ref idref="oc-ad"/>
      </symbol>
      <symbol id="sm-44c">
         <name>__gtrd</name>
         <value>0x25ffb</value>
         <object_component_ref idref="oc-ad"/>
      </symbol>
      <symbol id="sm-44d">
         <name>__geqd</name>
         <value>0x26046</value>
         <object_component_ref idref="oc-ad"/>
      </symbol>
      <symbol id="sm-44e">
         <name>__leqd</name>
         <value>0x25fae</value>
         <object_component_ref idref="oc-ad"/>
      </symbol>
      <symbol id="sm-44f">
         <name>__lssd</name>
         <value>0x25f66</value>
         <object_component_ref idref="oc-ad"/>
      </symbol>
      <symbol id="sm-457">
         <name>__ctypes_</name>
         <value>0x6670</value>
         <object_component_ref idref="oc-140"/>
      </symbol>
      <symbol id="sm-461">
         <name>__tmpnams</name>
         <value>0x5dc0</value>
         <object_component_ref idref="oc-b3"/>
      </symbol>
      <symbol id="sm-462">
         <name>__ft_end</name>
         <value>0x5f00</value>
         <object_component_ref idref="oc-b3"/>
      </symbol>
      <symbol id="sm-463">
         <name>__ftable</name>
         <value>0x5cd0</value>
         <object_component_ref idref="oc-b3"/>
      </symbol>
      <symbol id="sm-46f">
         <name>__divd</name>
         <value>0x25114</value>
         <object_component_ref idref="oc-b7"/>
      </symbol>
      <symbol id="sm-479">
         <name>__fixdi</name>
         <value>0x27769</value>
         <object_component_ref idref="oc-bb"/>
      </symbol>
      <symbol id="sm-483">
         <name>__fixdli</name>
         <value>0x27236</value>
         <object_component_ref idref="oc-bf"/>
      </symbol>
      <symbol id="sm-48f">
         <name>__fltlid</name>
         <value>0x273ea</value>
         <object_component_ref idref="oc-c3"/>
      </symbol>
      <symbol id="sm-499">
         <name>_putchar</name>
         <value>0x26e19</value>
         <object_component_ref idref="oc-c8"/>
      </symbol>
      <symbol id="sm-49a">
         <name>_putc</name>
         <value>0x26d82</value>
         <object_component_ref idref="oc-c8"/>
      </symbol>
      <symbol id="sm-49b">
         <name>_fputc</name>
         <value>0x26d82</value>
         <object_component_ref idref="oc-c8"/>
      </symbol>
      <symbol id="sm-4a9">
         <name>_puts</name>
         <value>0x263cb</value>
         <object_component_ref idref="oc-cc"/>
      </symbol>
      <symbol id="sm-4aa">
         <name>_fputs</name>
         <value>0x26296</value>
         <object_component_ref idref="oc-cc"/>
      </symbol>
      <symbol id="sm-4b4">
         <name>__frcmpyd_div</name>
         <value>0x27151</value>
         <object_component_ref idref="oc-d1"/>
      </symbol>
      <symbol id="sm-4be">
         <name>___isinf</name>
         <value>0x277e0</value>
         <object_component_ref idref="oc-d5"/>
      </symbol>
      <symbol id="sm-4c8">
         <name>__divull</name>
         <value>0x25baf</value>
         <object_component_ref idref="oc-d9"/>
      </symbol>
      <symbol id="sm-4c9">
         <name>__mpylli</name>
         <value>0x25af7</value>
         <object_component_ref idref="oc-d9"/>
      </symbol>
      <symbol id="sm-4ca">
         <name>__remlli</name>
         <value>0x25ac8</value>
         <object_component_ref idref="oc-d9"/>
      </symbol>
      <symbol id="sm-4cb">
         <name>__divlli</name>
         <value>0x25ca3</value>
         <object_component_ref idref="oc-d9"/>
      </symbol>
      <symbol id="sm-4cc">
         <name>__remull</name>
         <value>0x25a7a</value>
         <object_component_ref idref="oc-d9"/>
      </symbol>
      <symbol id="sm-4de">
         <name>_add_device</name>
         <value>0x24647</value>
         <object_component_ref idref="oc-dd"/>
      </symbol>
      <symbol id="sm-4df">
         <name>_rename</name>
         <value>0x24369</value>
         <object_component_ref idref="oc-dd"/>
      </symbol>
      <symbol id="sm-4e0">
         <name>_read</name>
         <value>0x243f8</value>
         <object_component_ref idref="oc-dd"/>
      </symbol>
      <symbol id="sm-4e1">
         <name>_unlink</name>
         <value>0x24336</value>
         <object_component_ref idref="oc-dd"/>
      </symbol>
      <symbol id="sm-4e2">
         <name>_remove_device</name>
         <value>0x243c2</value>
         <object_component_ref idref="oc-dd"/>
      </symbol>
      <symbol id="sm-4e3">
         <name>_open</name>
         <value>0x244a6</value>
         <object_component_ref idref="oc-dd"/>
      </symbol>
      <symbol id="sm-4e4">
         <name>_find_registered_device</name>
         <value>0x245cb</value>
         <object_component_ref idref="oc-dd"/>
      </symbol>
      <symbol id="sm-4e5">
         <name>_lseek</name>
         <value>0x24565</value>
         <object_component_ref idref="oc-dd"/>
      </symbol>
      <symbol id="sm-4e6">
         <name>_close</name>
         <value>0x245d4</value>
         <object_component_ref idref="oc-dd"/>
      </symbol>
      <symbol id="sm-4e7">
         <name>_write</name>
         <value>0x241f4</value>
         <object_component_ref idref="oc-dd"/>
      </symbol>
      <symbol id="sm-4f1">
         <name>_ltoa</name>
         <value>0x26fe3</value>
         <object_component_ref idref="oc-e3"/>
      </symbol>
      <symbol id="sm-4fc">
         <name>_memccpy</name>
         <value>0x277bd</value>
         <object_component_ref idref="oc-e7"/>
      </symbol>
      <symbol id="sm-504">
         <name>_memcpy</name>
         <value>0x2767c</value>
         <object_component_ref idref="oc-eb"/>
      </symbol>
      <symbol id="sm-50e">
         <name>__mpyd</name>
         <value>0x263f9</value>
         <object_component_ref idref="oc-ef"/>
      </symbol>
      <symbol id="sm-518">
         <name>__negd</name>
         <value>0x27833</value>
         <object_component_ref idref="oc-f3"/>
      </symbol>
      <symbol id="sm-522">
         <name>__remli</name>
         <value>0x275e9</value>
         <object_component_ref idref="oc-f7"/>
      </symbol>
      <symbol id="sm-52c">
         <name>__subd</name>
         <value>0x277fa</value>
         <object_component_ref idref="oc-fb"/>
      </symbol>
      <symbol id="sm-538">
         <name>_HOSTopen</name>
         <value>0x24a42</value>
         <object_component_ref idref="oc-ff"/>
      </symbol>
      <symbol id="sm-539">
         <name>_HOSTread</name>
         <value>0x249b5</value>
         <object_component_ref idref="oc-ff"/>
      </symbol>
      <symbol id="sm-53a">
         <name>_HOSTtime</name>
         <value>0x248a9</value>
         <object_component_ref idref="oc-ff"/>
      </symbol>
      <symbol id="sm-53b">
         <name>_getenv</name>
         <value>0x24737</value>
         <object_component_ref idref="oc-ff"/>
      </symbol>
      <symbol id="sm-53c">
         <name>_HOSTrename</name>
         <value>0x24907</value>
         <object_component_ref idref="oc-ff"/>
      </symbol>
      <symbol id="sm-53d">
         <name>_HOSTclock</name>
         <value>0x24c01</value>
         <object_component_ref idref="oc-ff"/>
      </symbol>
      <symbol id="sm-53e">
         <name>_HOSTwrite</name>
         <value>0x247b2</value>
         <object_component_ref idref="oc-ff"/>
      </symbol>
      <symbol id="sm-53f">
         <name>_HOSTlseek</name>
         <value>0x24ae1</value>
         <object_component_ref idref="oc-ff"/>
      </symbol>
      <symbol id="sm-540">
         <name>_HOSTunlink</name>
         <value>0x2483f</value>
         <object_component_ref idref="oc-ff"/>
      </symbol>
      <symbol id="sm-541">
         <name>_HOSTclose</name>
         <value>0x24b96</value>
         <object_component_ref idref="oc-ff"/>
      </symbol>
      <symbol id="sm-553">
         <name>C$$IO$$</name>
         <value>0x26c15</value>
         <object_component_ref idref="oc-107"/>
      </symbol>
      <symbol id="sm-554">
         <name>__CIOBUF_</name>
         <value>0x40000</value>
         <object_component_ref idref="oc-106"/>
      </symbol>
      <symbol id="sm-555">
         <name>_readmsg</name>
         <value>0x27312</value>
         <object_component_ref idref="oc-104"/>
      </symbol>
      <symbol id="sm-556">
         <name>_writemsg</name>
         <value>0x26b60</value>
         <object_component_ref idref="oc-107"/>
      </symbol>
      <symbol id="sm-55e">
         <name>__remu</name>
         <value>0x277a8</value>
         <object_component_ref idref="oc-10a"/>
      </symbol>
      <symbol id="sm-55f">
         <name>__divu</name>
         <value>0x27793</value>
         <object_component_ref idref="oc-10a"/>
      </symbol>
      <symbol id="sm-560">
         <name>I$$UMOD</name>
         <value>0x277a8</value>
         <object_component_ref idref="oc-10a"/>
      </symbol>
      <symbol id="sm-561">
         <name>I$$UDIV</name>
         <value>0x27793</value>
         <object_component_ref idref="oc-10a"/>
      </symbol>
      <symbol id="sm-56b">
         <name>__rd_ok</name>
         <value>0x268b2</value>
         <object_component_ref idref="oc-10e"/>
      </symbol>
      <symbol id="sm-56c">
         <name>__wrt_ok</name>
         <value>0x26832</value>
         <object_component_ref idref="oc-10e"/>
      </symbol>
      <symbol id="sm-576">
         <name>__addd</name>
         <value>0x25cd8</value>
         <object_component_ref idref="oc-112"/>
      </symbol>
      <symbol id="sm-580">
         <name>__divli</name>
         <value>0x27634</value>
         <object_component_ref idref="oc-116"/>
      </symbol>
      <symbol id="sm-58a">
         <name>__doflush</name>
         <value>0x26a9e</value>
         <object_component_ref idref="oc-11a"/>
      </symbol>
      <symbol id="sm-58b">
         <name>_fflush</name>
         <value>0x26b07</value>
         <object_component_ref idref="oc-11a"/>
      </symbol>
      <symbol id="sm-595">
         <name>__frcmpyd</name>
         <value>0x270db</value>
         <object_component_ref idref="oc-11e"/>
      </symbol>
      <symbol id="sm-59f">
         <name>_fseek</name>
         <value>0x2737f</value>
         <object_component_ref idref="oc-122"/>
      </symbol>
      <symbol id="sm-5a9">
         <name>_setvbuf</name>
         <value>0x2674c</value>
         <object_component_ref idref="oc-126"/>
      </symbol>
      <symbol id="sm-5b8">
         <name>__cleanup</name>
         <value>0x2591c</value>
         <object_component_ref idref="oc-12a"/>
      </symbol>
      <symbol id="sm-5b9">
         <name>_fopen</name>
         <value>0x25a3f</value>
         <object_component_ref idref="oc-12a"/>
      </symbol>
      <symbol id="sm-5ba">
         <name>_freopen</name>
         <value>0x25976</value>
         <object_component_ref idref="oc-12a"/>
      </symbol>
      <symbol id="sm-5ca">
         <name>__sys_memory</name>
         <value>0x30c0</value>
         <object_component_ref idref="oc-134"/>
      </symbol>
      <symbol id="sm-5cb">
         <name>_chkheap</name>
         <value>0x250e6</value>
         <object_component_ref idref="oc-130"/>
      </symbol>
      <symbol id="sm-5cc">
         <name>_realloc</name>
         <value>0x24e85</value>
         <object_component_ref idref="oc-130"/>
      </symbol>
      <symbol id="sm-5cd">
         <name>_free_memory</name>
         <value>0x25090</value>
         <object_component_ref idref="oc-130"/>
      </symbol>
      <symbol id="sm-5ce">
         <name>_max_free</name>
         <value>0x25036</value>
         <object_component_ref idref="oc-130"/>
      </symbol>
      <symbol id="sm-5cf">
         <name>_free</name>
         <value>0x24c5f</value>
         <object_component_ref idref="oc-130"/>
      </symbol>
      <symbol id="sm-5d0">
         <name>_calloc</name>
         <value>0x250ee</value>
         <object_component_ref idref="oc-130"/>
      </symbol>
      <symbol id="sm-5d1">
         <name>_malloc</name>
         <value>0x24d90</value>
         <object_component_ref idref="oc-130"/>
      </symbol>
      <symbol id="sm-5d2">
         <name>_minit</name>
         <value>0x24d2b</value>
         <object_component_ref idref="oc-130"/>
      </symbol>
      <symbol id="sm-5dc">
         <name>_fclose</name>
         <value>0x27060</value>
         <object_component_ref idref="oc-137"/>
      </symbol>
      <symbol id="sm-5e6">
         <name>_remove</name>
         <value>0x27843</value>
         <object_component_ref idref="oc-13b"/>
      </symbol>
   </symbol_table>
</link_info>
